<html>
<body>
<pre>
<h1>礦ision Build Log</h1>
<h2>Tool Versions:</h2>
IDE-Version: μVision V5.31.0.0
Copyright (C) 2020 ARM Ltd and ARM Germany GmbH. All rights reserved.
License Information: 222 111, 333, LIC=LSNXV-PJP9D-X7GRZ-J4E94-3ITF9-GC5GQ
 
Tool Versions:
Toolchain:       MDK-ARM Plus  Version: 5.31.0.0
Toolchain Path:  D:\AZDRJ\Keil5\ARM\ARMCLANG\Bin
C Compiler:      ArmClang.exe V6.14
Assembler:       Armasm.exe V6.14
Linker/Locator:  ArmLink.exe V6.14
Library Manager: ArmAr.exe V6.14
Hex Converter:   FromElf.exe V6.14
CPU DLL:         SARMCM3.DLL V5.31.0.0
Dialog DLL:      DCM.DLL V1.17.3.0
Target DLL:      STLink\ST-LINKIII-KEIL_SWO.dll V3.0.7.0
Dialog DLL:      TCM.DLL V1.46.0.0
 
<h2>Project:</h2>
D:\袁博文\在校学习\毕业论文\06工程文件\STM32CODEmaster\MDK-ARM\Servo-F407.uvprojx
Project File Date:  05/17/2022

<h2>Output:</h2>
*** Using Compiler 'V6.14', folder: 'D:\AZDRJ\Keil5\ARM\ARMCLANG\Bin'
Rebuild target 'Servo-F407'
assembling startup_stm32f407xx.s...
compiling i2c.c...
compiling stm32f4xx_it.c...
compiling gpio.c...
compiling tim.c...
compiling main.c...
compiling usart.c...
compiling stm32f4xx_hal_msp.c...
compiling delay.c...
compiling system_stm32f4xx.c...
../HARDWARE/control/control.c(38): warning: illegal character encoding in string literal [-Winvalid-source-encoding]
        uartx_printf(huart1,"<CC><E5><CE><C2>%.2f   <BE><E0><C0><EB> %dmm\n",skin_temp,Distance);
                             ^~~~~~~~~~~~~~~~       ~~~~~~~~~~~~~~~~
../HARDWARE/control/control.c(115): warning: illegal character encoding in string literal [-Winvalid-source-encoding]
                Screnn_trans_char(8,"<CA><C7>");
                                     ^~~~~~~~
../HARDWARE/control/control.c(118): warning: illegal character encoding in string literal [-Winvalid-source-encoding]
        else Screnn_trans_char(8,"<B7><F1>");
                                  ^~~~~~~~
3 warnings generated.
compiling control.c...
compiling mlx90614.c...
compiling uart_handler.c...
compiling stm32f4xx_hal_i2c_ex.c...
compiling stm32f4xx_hal_rcc_ex.c...
compiling stm32f4xx_hal_rcc.c...
compiling stm32f4xx_hal_flash_ramfunc.c...
compiling stm32f4xx_hal_flash.c...
compiling stm32f4xx_hal_flash_ex.c...
compiling stm32f4xx_hal_gpio.c...
compiling stm32f4xx_hal_i2c.c...
compiling stm32f4xx_hal_pwr_ex.c...
compiling stm32f4xx_hal_dma_ex.c...
compiling stm32f4xx_hal_pwr.c...
compiling stm32f4xx_hal_dma.c...
compiling stm32f4xx_hal_cortex.c...
compiling stm32f4xx_hal.c...
compiling stm32f4xx_hal_exti.c...
compiling stm32f4xx_hal_tim_ex.c...
compiling stm32f4xx_hal_uart.c...
compiling stm32f4xx_hal_tim.c...
linking...
Program Size: Code=19832 RO-data=588 RW-data=24 ZI-data=8960  
FromELF: creating hex file...
"Servo-F407\Servo-F407.axf" - 0 Error(s), 3 Warning(s).

<h2>Software Packages used:</h2>

Package Vendor: ARM
                http://www.keil.com/pack/ARM.CMSIS.5.7.0.pack
                ARM.CMSIS.5.7.0
                CMSIS (Cortex Microcontroller Software Interface Standard)
   * Component: CORE Version: 5.4.0

Package Vendor: Keil
                http://www.keil.com/pack/Keil.STM32F4xx_DFP.2.13.0.pack
                Keil.STM32F4xx_DFP.2.13.0
                STMicroelectronics STM32F4 Series Device Support, Drivers and Examples

<h2>Collection of Component include folders:</h2>
  .\RTE\_Servo-F407
  D:\wenjian\Keil5\packs\ARM\CMSIS\5.7.0\CMSIS\Core\Include
  D:\wenjian\Keil5\packs\Keil\STM32F4xx_DFP\2.13.0\Drivers\CMSIS\Device\ST\STM32F4xx\Include

<h2>Collection of Component Files used:</h2>

   * Component: ARM::CMSIS:CORE:5.4.0
Build Time Elapsed:  00:00:04
</pre>
</body>
</html>
