Component: ARM Compiler 6.14 Tool: armlink [5db06800]

==============================================================================

Section Cross References

    startup_stm32f407xx.o(RESET) refers to startup_stm32f407xx.o(STACK) for __initial_sp
    startup_stm32f407xx.o(RESET) refers to startup_stm32f407xx.o(.text) for Reset_Handler
    startup_stm32f407xx.o(RESET) refers to stm32f4xx_it.o(.text.NMI_Handler) for NMI_Handler
    startup_stm32f407xx.o(RESET) refers to stm32f4xx_it.o(.text.HardFault_Handler) for HardFault_Handler
    startup_stm32f407xx.o(RESET) refers to stm32f4xx_it.o(.text.MemManage_Handler) for MemManage_Handler
    startup_stm32f407xx.o(RESET) refers to stm32f4xx_it.o(.text.BusFault_Handler) for BusFault_Handler
    startup_stm32f407xx.o(RESET) refers to stm32f4xx_it.o(.text.UsageFault_Handler) for UsageFault_Handler
    startup_stm32f407xx.o(RESET) refers to stm32f4xx_it.o(.text.SVC_Handler) for SVC_Handler
    startup_stm32f407xx.o(RESET) refers to stm32f4xx_it.o(.text.DebugMon_Handler) for DebugMon_Handler
    startup_stm32f407xx.o(RESET) refers to stm32f4xx_it.o(.text.PendSV_Handler) for PendSV_Handler
    startup_stm32f407xx.o(RESET) refers to stm32f4xx_it.o(.text.SysTick_Handler) for SysTick_Handler
    startup_stm32f407xx.o(RESET) refers to stm32f4xx_it.o(.text.USART1_IRQHandler) for USART1_IRQHandler
    startup_stm32f407xx.o(RESET) refers to stm32f4xx_it.o(.text.USART2_IRQHandler) for USART2_IRQHandler
    startup_stm32f407xx.o(RESET) refers to stm32f4xx_it.o(.text.USART3_IRQHandler) for USART3_IRQHandler
    startup_stm32f407xx.o(RESET) refers to stm32f4xx_it.o(.text.TIM5_IRQHandler) for TIM5_IRQHandler
    startup_stm32f407xx.o(RESET) refers to stm32f4xx_it.o(.text.UART4_IRQHandler) for UART4_IRQHandler
    startup_stm32f407xx.o(.text) refers to system_stm32f4xx.o(.text.SystemInit) for SystemInit
    startup_stm32f407xx.o(.text) refers to entry.o(.ARM.Collect$$$$00000000) for __main
    main.o(.text.main) refers to stm32f4xx_hal.o(.text.HAL_Init) for HAL_Init
    main.o(.text.main) refers to main.o(.text.SystemClock_Config) for SystemClock_Config
    main.o(.text.main) refers to gpio.o(.text.MX_GPIO_Init) for MX_GPIO_Init
    main.o(.text.main) refers to tim.o(.text.MX_TIM1_Init) for MX_TIM1_Init
    main.o(.text.main) refers to usart.o(.text.MX_USART1_UART_Init) for MX_USART1_UART_Init
    main.o(.text.main) refers to tim.o(.text.MX_TIM2_Init) for MX_TIM2_Init
    main.o(.text.main) refers to i2c.o(.text.MX_I2C2_Init) for MX_I2C2_Init
    main.o(.text.main) refers to tim.o(.text.MX_TIM5_Init) for MX_TIM5_Init
    main.o(.text.main) refers to usart.o(.text.MX_USART2_UART_Init) for MX_USART2_UART_Init
    main.o(.text.main) refers to usart.o(.text.MX_USART3_UART_Init) for MX_USART3_UART_Init
    main.o(.text.main) refers to usart.o(.text.MX_UART4_Init) for MX_UART4_Init
    main.o(.text.main) refers to usart.o(.bss.huart1) for huart1
    main.o(.text.main) refers to main.o(.bss.UART1RxBuffer) for UART1RxBuffer
    main.o(.text.main) refers to stm32f4xx_hal_uart.o(.text.HAL_UART_Receive_IT) for HAL_UART_Receive_IT
    main.o(.text.main) refers to usart.o(.bss.huart2) for huart2
    main.o(.text.main) refers to main.o(.bss.UART2RxBuffer) for UART2RxBuffer
    main.o(.text.main) refers to usart.o(.bss.huart3) for huart3
    main.o(.text.main) refers to main.o(.bss.UART3RxBuffer) for UART3RxBuffer
    main.o(.text.main) refers to usart.o(.bss.huart4) for huart4
    main.o(.text.main) refers to main.o(.bss.UART4RxBuffer) for UART4RxBuffer
    main.o(.text.main) refers to tim.o(.bss.htim5) for htim5
    main.o(.text.main) refers to stm32f4xx_hal_tim.o(.text.HAL_TIM_Base_Start_IT) for HAL_TIM_Base_Start_IT
    main.o(.text.main) refers to i2c.o(.bss.hi2c2) for hi2c2
    main.o(.text.main) refers to mlx90614.o(.text.MLX90614_Init) for MLX90614_Init
    main.o(.text.main) refers to mlx90614.o(.text.MLX90614_SetEmissivity) for MLX90614_SetEmissivity
    main.o(.text.main) refers to main.o(.bss.mode) for mode
    main.o(.text.main) refers to stm32f4xx_hal.o(.text.HAL_Delay) for HAL_Delay
    main.o(.text.main) refers to control.o(.text.Control_Loop_C) for Control_Loop_C
    main.o(.text.main) refers to control.o(.text.Control_Loop_A) for Control_Loop_A
    main.o(.text.main) refers to control.o(.text.Control_Loop_D) for Control_Loop_D
    main.o(.text.main) refers to control.o(.text.Control_Loop_B) for Control_Loop_B
    main.o(.ARM.exidx.text.main) refers to main.o(.text.main) for [Anonymous Symbol]
    main.o(.text.SystemClock_Config) refers to memseta.o(.text) for __aeabi_memclr4
    main.o(.text.SystemClock_Config) refers to stm32f4xx_hal_rcc.o(.text.HAL_RCC_OscConfig) for HAL_RCC_OscConfig
    main.o(.text.SystemClock_Config) refers to stm32f4xx_hal_rcc.o(.text.HAL_RCC_ClockConfig) for HAL_RCC_ClockConfig
    main.o(.ARM.exidx.text.SystemClock_Config) refers to main.o(.text.SystemClock_Config) for [Anonymous Symbol]
[...]
    .ARM.Collect$$$$0000000D                 0x08000198   Section        0  entry10a.o(.ARM.Collect$$$$0000000D)
    .ARM.Collect$$$$0000000F                 0x08000198   Section        0  entry11a.o(.ARM.Collect$$$$0000000F)
    .ARM.Collect$$$$00002712                 0x08000198   Section        4  entry2.o(.ARM.Collect$$$$00002712)
    $v0                                      0x0800019c   Number         0  startup_stm32f407xx.o(.text)
    .text                                    0x0800019c   Section       36  startup_stm32f407xx.o(.text)
    .text                                    0x080001c0   Section        0  uldiv.o(.text)
    .text                                    0x08000222   Section        0  memcpya.o(.text)
    .text                                    0x08000246   Section        0  memseta.o(.text)
    .text                                    0x0800026a   Section        0  strstr.o(.text)
    .text                                    0x0800028e   Section        0  atoi.o(.text)
    .text                                    0x080002a8   Section        0  dadd.o(.text)
    .text                                    0x080003f6   Section        0  dmul.o(.text)
    .text                                    0x080004da   Section        0  dcmple.o(.text)
    .text                                    0x08000510   Section        0  dcmplt.o(.text)
    .text                                    0x08000546   Section        0  dcmpgt.o(.text)
    .text                                    0x0800057c   Section        0  dflti.o(.text)
    .text                                    0x0800059e   Section        0  dfixi.o(.text)
    .text                                    0x080005dc   Section        0  f2d.o(.text)
    .text                                    0x08000602   Section        0  d2f.o(.text)
    .text                                    0x0800063a   Section        0  uidiv.o(.text)
    .text                                    0x08000666   Section        0  llshl.o(.text)
    .text                                    0x08000684   Section        0  llushr.o(.text)
    .text                                    0x080006a4   Section        0  llsshr.o(.text)
    .text                                    0x080006c8   Section        0  strtol.o(.text)
    .text                                    0x08000738   Section        0  iusefp.o(.text)
    .text                                    0x08000738   Section        0  fepilogue.o(.text)
    .text                                    0x080007a6   Section        0  depilogue.o(.text)
    .text                                    0x08000860   Section        0  ddiv.o(.text)
    .text                                    0x08000940   Section        0  drnd.o(.text)
    .text                                    0x080009c8   Section        0  dfixul.o(.text)
    .text                                    0x080009f8   Section       48  cdcmple.o(.text)
    .text                                    0x08000a28   Section       48  cdrcmple.o(.text)
    .text                                    0x08000a58   Section       36  init.o(.text)
    .text                                    0x08000a7c   Section        0  ctype_o.o(.text)
    .text                                    0x08000a84   Section        0  _strtoul.o(.text)
    .text                                    0x08000b22   Section        0  _chval.o(.text)
    [Anonymous Symbol]                       0x08000b40   Section        0  gpio.o(.text.Beep)
    [Anonymous Symbol]                       0x08000b88   Section        0  stm32f4xx_it.o(.text.BusFault_Handler)
    [Anonymous Symbol]                       0x08000b8c   Section        0  uart_handler.o(.text.Camera_Get)
    [Anonymous Symbol]                       0x08000c54   Section        0  uart_handler.o(.text.Camera_Learn)
    [Anonymous Symbol]                       0x08000cbc   Section        0  uart_handler.o(.text.Camera_entering)
    [Anonymous Symbol]                       0x08000d24   Section        0  uart_handler.o(.text.Camera_normal)
    [Anonymous Symbol]                       0x08000d8c   Section        0  control.o(.text.Control_Loop_A)
    [Anonymous Symbol]                       0x08000e70   Section        0  control.o(.text.Control_Loop_B)
    [Anonymous Symbol]                       0x08000ec8   Section        0  control.o(.text.Control_Loop_C)
    [Anonymous Symbol]                       0x08000f68   Section        0  control.o(.text.Control_Loop_D)
    [Anonymous Symbol]                       0x08001018   Section        0  stm32f4xx_it.o(.text.DebugMon_Handler)
    [Anonymous Symbol]                       0x0800101c   Section        0  main.o(.text.Error_Handler)
    [Anonymous Symbol]                       0x08001020   Section        0  uart_handler.o(.text.Get_Value)
    [Anonymous Symbol]                       0x080010ac   Section        0  stm32f4xx_hal_dma.o(.text.HAL_DMA_Abort_IT)
    [Anonymous Symbol]                       0x080010d0   Section        0  stm32f4xx_hal.o(.text.HAL_Delay)
    [Anonymous Symbol]                       0x080010f8   Section        0  stm32f4xx_hal_gpio.o(.text.HAL_GPIO_Init)
    [Anonymous Symbol]                       0x0800128c   Section        0  stm32f4xx_hal_gpio.o(.text.HAL_GPIO_WritePin)
    [Anonymous Symbol]                       0x08001298   Section        0  stm32f4xx_hal.o(.text.HAL_GetTick)
    [Anonymous Symbol]                       0x080012a4   Section        0  stm32f4xx_hal_i2c.o(.text.HAL_I2C_Init)
    [Anonymous Symbol]                       0x08001434   Section        0  stm32f4xx_hal_i2c.o(.text.HAL_I2C_Mem_Read)
    [Anonymous Symbol]                       0x08001640   Section        0  stm32f4xx_hal_i2c.o(.text.HAL_I2C_Mem_Write)
    [Anonymous Symbol]                       0x0800176c   Section        0  i2c.o(.text.HAL_I2C_MspInit)
    [Anonymous Symbol]                       0x080017e4   Section        0  stm32f4xx_hal.o(.text.HAL_IncTick)
    [Anonymous Symbol]                       0x08001800   Section        0  stm32f4xx_hal.o(.text.HAL_Init)
    [Anonymous Symbol]                       0x08001838   Section        0  stm32f4xx_hal.o(.text.HAL_InitTick)
    [Anonymous Symbol]                       0x08001888   Section        0  stm32f4xx_hal_msp.o(.text.HAL_MspInit)
    [Anonymous Symbol]                       0x080018c8   Section        0  stm32f4xx_hal_cortex.o(.text.HAL_NVIC_EnableIRQ)
    [Anonymous Symbol]                       0x080018d0   Section        0  stm32f4xx_hal_cortex.o(.text.HAL_NVIC_SetPriority)
    [Anonymous Symbol]                       0x080018f0   Section        0  stm32f4xx_hal_cortex.o(.text.HAL_NVIC_SetPriorityGrouping)
    [Anonymous Symbol]                       0x080018f8   Section        0  stm32f4xx_hal_rcc.o(.text.HAL_RCC_ClockConfig)
    [Anonymous Symbol]                       0x08001a58   Section        0  stm32f4xx_hal_rcc.o(.text.HAL_RCC_GetHCLKFreq)
    [Anonymous Symbol]                       0x08001a64   Section        0  stm32f4xx_hal_rcc.o(.text.HAL_RCC_GetPCLK1Freq)
    [Anonymous Symbol]                       0x08001a88   Section        0  stm32f4xx_hal_rcc.o(.text.HAL_RCC_GetPCLK2Freq)
    [Anonymous Symbol]                       0x08001aac   Section        0  stm32f4xx_hal_rcc.o(.text.HAL_RCC_GetSysClockFreq)
    [Anonymous Symbol]                       0x08001b18   Section        0  stm32f4xx_hal_rcc.o(.text.HAL_RCC_OscConfig)
    [Anonymous Symbol]                       0x08001e4c   Section        0  stm32f4xx_hal_cortex.o(.text.HAL_SYSTICK_Config)
    [Anonymous Symbol]                       0x08001e54   Section        0  stm32f4xx_hal_tim_ex.o(.text.HAL_TIMEx_BreakCallback)
    [Anonymous Symbol]                       0x08001e58   Section        0  stm32f4xx_hal_tim_ex.o(.text.HAL_TIMEx_CommutCallback)
    [Anonymous Symbol]                       0x08001e5c   Section        0  stm32f4xx_hal_tim_ex.o(.text.HAL_TIMEx_ConfigBreakDeadTime)
    [Anonymous Symbol]                       0x08001ea8   Section        0  stm32f4xx_hal_tim_ex.o(.text.HAL_TIMEx_MasterConfigSynchronization)
    [Anonymous Symbol]                       0x08001f60   Section        0  stm32f4xx_hal_tim.o(.text.HAL_TIM_Base_Init)
    [Anonymous Symbol]                       0x08001f98   Section        0  tim.o(.text.HAL_TIM_Base_MspInit)
    [Anonymous Symbol]                       0x08002030   Section        0  stm32f4xx_hal_tim.o(.text.HAL_TIM_Base_Start_IT)
    [Anonymous Symbol]                       0x08002050   Section        0  stm32f4xx_hal_tim.o(.text.HAL_TIM_ConfigClockSource)
    [Anonymous Symbol]                       0x08002120   Section        0  stm32f4xx_hal_tim.o(.text.HAL_TIM_IC_CaptureCallback)
    [Anonymous Symbol]                       0x08002124   Section        0  stm32f4xx_hal_tim.o(.text.HAL_TIM_IRQHandler)
    [Anonymous Symbol]                       0x08002290   Section        0  tim.o(.text.HAL_TIM_MspPostInit)
    [Anonymous Symbol]                       0x08002358   Section        0  stm32f4xx_hal_tim.o(.text.HAL_TIM_OC_DelayElapsedCallback)
    [Anonymous Symbol]                       0x0800235c   Section        0  stm32f4xx_hal_tim.o(.text.HAL_TIM_PWM_ConfigChannel)
    [Anonymous Symbol]                       0x080023fc   Section        0  stm32f4xx_hal_tim.o(.text.HAL_TIM_PWM_Init)
    [Anonymous Symbol]                       0x08002434   Section        0  stm32f4xx_hal_tim.o(.text.HAL_TIM_PWM_MspInit)
    [Anonymous Symbol]                       0x08002438   Section        0  stm32f4xx_hal_tim.o(.text.HAL_TIM_PWM_PulseFinishedCallback)
    [Anonymous Symbol]                       0x0800243c   Section        0  main.o(.text.HAL_TIM_PeriodElapsedCallback)
    [Anonymous Symbol]                       0x08002440   Section        0  stm32f4xx_hal_tim.o(.text.HAL_TIM_TriggerCallback)
    [Anonymous Symbol]                       0x08002444   Section        0  stm32f4xx_hal_uart.o(.text.HAL_UART_ErrorCallback)
    [Anonymous Symbol]                       0x08002448   Section        0  stm32f4xx_hal_uart.o(.text.HAL_UART_IRQHandler)
    [Anonymous Symbol]                       0x0800255c   Section        0  stm32f4xx_hal_uart.o(.text.HAL_UART_Init)
    [Anonymous Symbol]                       0x080025bc   Section        0  usart.o(.text.HAL_UART_MspInit)
    [Anonymous Symbol]                       0x08002748   Section        0  stm32f4xx_hal_uart.o(.text.HAL_UART_Receive_IT)
    [Anonymous Symbol]                       0x0800279c   Section        0  main.o(.text.HAL_UART_RxCpltCallback)
    [Anonymous Symbol]                       0x08002894   Section        0  stm32f4xx_hal_uart.o(.text.HAL_UART_Transmit)
    [Anonymous Symbol]                       0x08002958   Section        0  stm32f4xx_hal_uart.o(.text.HAL_UART_TxCpltCallback)
    [Anonymous Symbol]                       0x0800295c   Section        0  stm32f4xx_it.o(.text.HardFault_Handler)
    I2C_IsAcknowledgeFailed                  0x08002961   Thumb Code    48  stm32f4xx_hal_i2c.o(.text.I2C_IsAcknowledgeFailed)
    [Anonymous Symbol]                       0x08002960   Section        0  stm32f4xx_hal_i2c.o(.text.I2C_IsAcknowledgeFailed)
    I2C_RequestMemoryRead                    0x08002991   Thumb Code   268  stm32f4xx_hal_i2c.o(.text.I2C_RequestMemoryRead)
    [Anonymous Symbol]                       0x08002990   Section        0  stm32f4xx_hal_i2c.o(.text.I2C_RequestMemoryRead)
    I2C_RequestMemoryWrite                   0x08002a9d   Thumb Code   192  stm32f4xx_hal_i2c.o(.text.I2C_RequestMemoryWrite)
    [Anonymous Symbol]                       0x08002a9c   Section        0  stm32f4xx_hal_i2c.o(.text.I2C_RequestMemoryWrite)
    I2C_WaitOnBTFFlagUntilTimeout            0x08002b5d   Thumb Code    94  stm32f4xx_hal_i2c.o(.text.I2C_WaitOnBTFFlagUntilTimeout)
    [Anonymous Symbol]                       0x08002b5c   Section        0  stm32f4xx_hal_i2c.o(.text.I2C_WaitOnBTFFlagUntilTimeout)
    I2C_WaitOnFlagUntilTimeout               0x08002bbd   Thumb Code   126  stm32f4xx_hal_i2c.o(.text.I2C_WaitOnFlagUntilTimeout)
    [Anonymous Symbol]                       0x08002bbc   Section        0  stm32f4xx_hal_i2c.o(.text.I2C_WaitOnFlagUntilTimeout)
    I2C_WaitOnMasterAddressFlagUntilTimeout  0x08002c3d   Thumb Code   140  stm32f4xx_hal_i2c.o(.text.I2C_WaitOnMasterAddressFlagUntilTimeout)
    [Anonymous Symbol]                       0x08002c3c   Section        0  stm32f4xx_hal_i2c.o(.text.I2C_WaitOnMasterAddressFlagUntilTimeout)
    I2C_WaitOnRXNEFlagUntilTimeout           0x08002cc9   Thumb Code    94  stm32f4xx_hal_i2c.o(.text.I2C_WaitOnRXNEFlagUntilTimeout)
    [Anonymous Symbol]                       0x08002cc8   Section        0  stm32f4xx_hal_i2c.o(.text.I2C_WaitOnRXNEFlagUntilTimeout)
    I2C_WaitOnTXEFlagUntilTimeout            0x08002d29   Thumb Code    94  stm32f4xx_hal_i2c.o(.text.I2C_WaitOnTXEFlagUntilTimeout)
    [Anonymous Symbol]                       0x08002d28   Section        0  stm32f4xx_hal_i2c.o(.text.I2C_WaitOnTXEFlagUntilTimeout)
    [Anonymous Symbol]                       0x08002d88   Section        0  gpio.o(.text.Laser_off)
    [Anonymous Symbol]                       0x08002d9c   Section        0  gpio.o(.text.Laser_on)
    [Anonymous Symbol]                       0x08002db0   Section        0  mlx90614.o(.text.MLX90614_Init)
    [Anonymous Symbol]                       0x08002dc0   Section        0  mlx90614.o(.text.MLX90614_KelvinToCelsius)
    [Anonymous Symbol]                       0x08002e08   Section        0  mlx90614.o(.text.MLX90614_Read16)
    [Anonymous Symbol]                       0x08002e44   Section        0  mlx90614.o(.text.MLX90614_Read16Eeprom)
    [Anonymous Symbol]                       0x08002e84   Section        0  mlx90614.o(.text.MLX90614_ReadObjectTemperature)
    [Anonymous Symbol]                       0x08002eb0   Section        0  mlx90614.o(.text.MLX90614_SetEmissivity)
    [Anonymous Symbol]                       0x08002f90   Section        0  mlx90614.o(.text.MLX90614_Write16Crc)
    [Anonymous Symbol]                       0x08002ff4   Section        0  mlx90614.o(.text.MLX90614_Write16Eeprom)
    [Anonymous Symbol]                       0x08003038   Section        0  gpio.o(.text.MX_GPIO_Init)
    [Anonymous Symbol]                       0x08003114   Section        0  i2c.o(.text.MX_I2C2_Init)
    [Anonymous Symbol]                       0x08003154   Section        0  tim.o(.text.MX_TIM1_Init)
    [Anonymous Symbol]                       0x080032b0   Section        0  tim.o(.text.MX_TIM2_Init)
    [Anonymous Symbol]                       0x08003394   Section        0  tim.o(.text.MX_TIM5_Init)
    [Anonymous Symbol]                       0x08003414   Section        0  usart.o(.text.MX_UART4_Init)
    [Anonymous Symbol]                       0x0800344c   Section        0  usart.o(.text.MX_USART1_UART_Init)
    [Anonymous Symbol]                       0x08003484   Section        0  usart.o(.text.MX_USART2_UART_Init)
    [Anonymous Symbol]                       0x080034bc   Section        0  usart.o(.text.MX_USART3_UART_Init)
    [Anonymous Symbol]                       0x080034f4   Section        0  stm32f4xx_it.o(.text.MemManage_Handler)
    [Anonymous Symbol]                       0x080034f8   Section        0  stm32f4xx_it.o(.text.NMI_Handler)
    NVIC_EncodePriority                      0x080034fd   Thumb Code    44  stm32f4xx_hal_cortex.o(.text.NVIC_EncodePriority)
    [Anonymous Symbol]                       0x080034fc   Section        0  stm32f4xx_hal_cortex.o(.text.NVIC_EncodePriority)
    [Anonymous Symbol]                       0x08003528   Section        0  stm32f4xx_it.o(.text.PendSV_Handler)
    [Anonymous Symbol]                       0x0800352c   Section        0  stm32f4xx_it.o(.text.SVC_Handler)
    [Anonymous Symbol]                       0x08003530   Section        0  uart_handler.o(.text.Screen_get)
    [Anonymous Symbol]                       0x08003634   Section        0  uart_handler.o(.text.Screnn_trans_char)
    [Anonymous Symbol]                       0x080037ac   Section        0  uart_handler.o(.text.Screnn_trans_float)
    [Anonymous Symbol]                       0x08003940   Section        0  uart_handler.o(.text.Screnn_trans_int)
    SysTick_Config                           0x08003ab9   Thumb Code    46  stm32f4xx_hal_cortex.o(.text.SysTick_Config)
    [Anonymous Symbol]                       0x08003ab8   Section        0  stm32f4xx_hal_cortex.o(.text.SysTick_Config)
    [Anonymous Symbol]                       0x08003ae8   Section        0  stm32f4xx_it.o(.text.SysTick_Handler)
    [Anonymous Symbol]                       0x08003af0   Section        0  main.o(.text.SystemClock_Config)
    [Anonymous Symbol]                       0x08003b8c   Section        0  system_stm32f4xx.o(.text.SystemInit)
    [Anonymous Symbol]                       0x08003ba8   Section        0  stm32f4xx_it.o(.text.TIM5_IRQHandler)
    [Anonymous Symbol]                       0x08003bb8   Section        0  stm32f4xx_hal_tim.o(.text.TIM_Base_SetConfig)
    [Anonymous Symbol]                       0x08003cdc   Section        0  stm32f4xx_hal_tim.o(.text.TIM_ETR_SetConfig)
    TIM_ITRx_SetConfig                       0x08003cf5   Thumb Code    16  stm32f4xx_hal_tim.o(.text.TIM_ITRx_SetConfig)
    [Anonymous Symbol]                       0x08003cf4   Section        0  stm32f4xx_hal_tim.o(.text.TIM_ITRx_SetConfig)
    TIM_OC1_SetConfig                        0x08003d05   Thumb Code   100  stm32f4xx_hal_tim.o(.text.TIM_OC1_SetConfig)
    [Anonymous Symbol]                       0x08003d04   Section        0  stm32f4xx_hal_tim.o(.text.TIM_OC1_SetConfig)
    [Anonymous Symbol]                       0x08003d68   Section        0  stm32f4xx_hal_tim.o(.text.TIM_OC2_SetConfig)
    TIM_OC3_SetConfig                        0x08003dd5   Thumb Code   106  stm32f4xx_hal_tim.o(.text.TIM_OC3_SetConfig)
    [Anonymous Symbol]                       0x08003dd4   Section        0  stm32f4xx_hal_tim.o(.text.TIM_OC3_SetConfig)
    TIM_OC4_SetConfig                        0x08003e41   Thumb Code    80  stm32f4xx_hal_tim.o(.text.TIM_OC4_SetConfig)
    [Anonymous Symbol]                       0x08003e40   Section        0  stm32f4xx_hal_tim.o(.text.TIM_OC4_SetConfig)
    TIM_TI1_ConfigInputStage                 0x08003e91   Thumb Code    34  stm32f4xx_hal_tim.o(.text.TIM_TI1_ConfigInputStage)
    [Anonymous Symbol]                       0x08003e90   Section        0  stm32f4xx_hal_tim.o(.text.TIM_TI1_ConfigInputStage)
    TIM_TI2_ConfigInputStage                 0x08003eb5   Thumb Code    36  stm32f4xx_hal_tim.o(.text.TIM_TI2_ConfigInputStage)
    [Anonymous Symbol]                       0x08003eb4   Section        0  stm32f4xx_hal_tim.o(.text.TIM_TI2_ConfigInputStage)
    [Anonymous Symbol]                       0x08003ed8   Section        0  stm32f4xx_it.o(.text.UART4_IRQHandler)
    UART_DMAAbortOnError                     0x08003ee9   Thumb Code    16  stm32f4xx_hal_uart.o(.text.UART_DMAAbortOnError)
    [Anonymous Symbol]                       0x08003ee8   Section        0  stm32f4xx_hal_uart.o(.text.UART_DMAAbortOnError)
    UART_EndRxTransfer                       0x08003ef9   Thumb Code    26  stm32f4xx_hal_uart.o(.text.UART_EndRxTransfer)
    [Anonymous Symbol]                       0x08003ef8   Section        0  stm32f4xx_hal_uart.o(.text.UART_EndRxTransfer)
    UART_EndTransmit_IT                      0x08003f15   Thumb Code    24  stm32f4xx_hal_uart.o(.text.UART_EndTransmit_IT)
    [Anonymous Symbol]                       0x08003f14   Section        0  stm32f4xx_hal_uart.o(.text.UART_EndTransmit_IT)
    UART_Receive_IT                          0x08003f2d   Thumb Code   124  stm32f4xx_hal_uart.o(.text.UART_Receive_IT)
    [Anonymous Symbol]                       0x08003f2c   Section        0  stm32f4xx_hal_uart.o(.text.UART_Receive_IT)
    UART_SetConfig                           0x08003fa9   Thumb Code   364  stm32f4xx_hal_uart.o(.text.UART_SetConfig)
    [Anonymous Symbol]                       0x08003fa8   Section        0  stm32f4xx_hal_uart.o(.text.UART_SetConfig)
    UART_Transmit_IT                         0x08004115   Thumb Code    88  stm32f4xx_hal_uart.o(.text.UART_Transmit_IT)
    [Anonymous Symbol]                       0x08004114   Section        0  stm32f4xx_hal_uart.o(.text.UART_Transmit_IT)
    UART_WaitOnFlagUntilTimeout              0x0800416d   Thumb Code   100  stm32f4xx_hal_uart.o(.text.UART_WaitOnFlagUntilTimeout)
    [Anonymous Symbol]                       0x0800416c   Section        0  stm32f4xx_hal_uart.o(.text.UART_WaitOnFlagUntilTimeout)
    [Anonymous Symbol]                       0x080041d0   Section        0  stm32f4xx_it.o(.text.USART1_IRQHandler)
    [Anonymous Symbol]                       0x080041e0   Section        0  stm32f4xx_it.o(.text.USART2_IRQHandler)
    [Anonymous Symbol]                       0x080041f0   Section        0  stm32f4xx_it.o(.text.USART3_IRQHandler)
    [Anonymous Symbol]                       0x08004200   Section        0  stm32f4xx_it.o(.text.UsageFault_Handler)
    __NVIC_EnableIRQ                         0x08004205   Thumb Code    32  stm32f4xx_hal_cortex.o(.text.__NVIC_EnableIRQ)
    [Anonymous Symbol]                       0x08004204   Section        0  stm32f4xx_hal_cortex.o(.text.__NVIC_EnableIRQ)
    __NVIC_GetPriorityGrouping               0x08004225   Thumb Code    16  stm32f4xx_hal_cortex.o(.text.__NVIC_GetPriorityGrouping)
    [Anonymous Symbol]                       0x08004224   Section        0  stm32f4xx_hal_cortex.o(.text.__NVIC_GetPriorityGrouping)
    __NVIC_SetPriority                       0x08004235   Thumb Code    34  stm32f4xx_hal_cortex.o(.text.__NVIC_SetPriority)
    [Anonymous Symbol]                       0x08004234   Section        0  stm32f4xx_hal_cortex.o(.text.__NVIC_SetPriority)
    __NVIC_SetPriorityGrouping               0x08004259   Thumb Code    32  stm32f4xx_hal_cortex.o(.text.__NVIC_SetPriorityGrouping)
    [Anonymous Symbol]                       0x08004258   Section        0  stm32f4xx_hal_cortex.o(.text.__NVIC_SetPriorityGrouping)
    [Anonymous Symbol]                       0x08004278   Section        0  mlx90614.o(.text.crc8)
    [Anonymous Symbol]                       0x080042a0   Section        0  control.o(.text.human_temp)
    [Anonymous Symbol]                       0x080043a8   Section        0  main.o(.text.main)
    [Anonymous Symbol]                       0x08004488   Section        0  usart.o(.text.uartx_printf)
    i.__0vsnprintf                           0x080044fc   Section        0  printfa.o(i.__0vsnprintf)
    i.__aeabi_errno_addr                     0x08004530   Section        0  errno.o(i.__aeabi_errno_addr)
    i.__hardfp_round                         0x08004538   Section        0  round.o(i.__hardfp_round)
    i.__scatterload_copy                     0x08004618   Section       14  handlers.o(i.__scatterload_copy)
    i.__scatterload_null                     0x08004626   Section        2  handlers.o(i.__scatterload_null)
    i.__scatterload_zeroinit                 0x08004628   Section       14  handlers.o(i.__scatterload_zeroinit)
    _fp_digits                               0x08004639   Thumb Code   366  printfa.o(i._fp_digits)
    i._fp_digits                             0x08004638   Section        0  printfa.o(i._fp_digits)
    _printf_core                             0x080047bd   Thumb Code  1744  printfa.o(i._printf_core)
    i._printf_core                           0x080047bc   Section        0  printfa.o(i._printf_core)
    _printf_post_padding                     0x08004e99   Thumb Code    36  printfa.o(i._printf_post_padding)
    i._printf_post_padding                   0x08004e98   Section        0  printfa.o(i._printf_post_padding)
    _printf_pre_padding                      0x08004ebd   Thumb Code    46  printfa.o(i._printf_pre_padding)
    i._printf_pre_padding                    0x08004ebc   Section        0  printfa.o(i._printf_pre_padding)
    _snputc                                  0x08004eeb   Thumb Code    22  printfa.o(i._snputc)
    i._snputc                                0x08004eea   Section        0  printfa.o(i._snputc)
    .constdata                               0x08004f00   Section      129  ctype_o.o(.constdata)
    table                                    0x08004f84   Data           4  ctype_o.o(.constdata)
    .constdata                               0x08004f84   Section        4  ctype_o.o(.constdata)
    .L.str.5                                 0x08004fa0   Data           3  uart_handler.o(.rodata.str1.1)
    [Anonymous Symbol]                       0x08004fa0   Section        0  uart_handler.o(.rodata.str1.1)
    _errno                                   0x20000000   Data           4  errno.o(.data)
    .data                                    0x20000000   Section        4  errno.o(.data)
    Camera_Get.ucRxCnt                       0x20000024   Data           1  uart_handler.o(.bss.Camera_Get.ucRxCnt)
    [Anonymous Symbol]                       0x20000024   Section        0  uart_handler.o(.bss.Camera_Get.ucRxCnt)
    ucCnt                                    0x200002a8   Data           1  main.o(.bss.ucCnt)
    [Anonymous Symbol]                       0x200002a8   Section        0  main.o(.bss.ucCnt)
    STACK                                    0x20000318   Section     8192  startup_stm32f407xx.o(STACK)

    Global Symbols

    Symbol Name                              Value     Ov Type        Size  Object(Section)

    BuildAttributes$$THM_ISAv4$E$P$D$K$B$S$7EM$VFPi3$EXTD16$VFPS$VFMA$PE$A:L22UL41UL21$X:L11$S22US41US21$IEEE1$IW$~IW$USESV6$~STKCKD$USESV7$~SHL$OTIME$ROPI$IEEEJ$EBA8$MICROLIB$REQ8$PRES8$EABIv2 0x00000000   Number         0  anon$$obj.o ABSOLUTE
    __cpp_initialize__aeabi_                  - Undefined Weak Reference
    __cxa_finalize                            - Undefined Weak Reference
    __decompress                              - Undefined Weak Reference
    _clock_init                               - Undefined Weak Reference
    _microlib_exit                            - Undefined Weak Reference
    __Vectors_Size                           0x00000188   Number         0  startup_stm32f407xx.o ABSOLUTE
    __Vectors                                0x08000000   Data           4  startup_stm32f407xx.o(RESET)
    __Vectors_End                            0x08000188   Data           0  startup_stm32f407xx.o(RESET)
    __main                                   0x08000189   Thumb Code     0  entry.o(.ARM.Collect$$$$00000000)
    _main_stk                                0x08000189   Thumb Code     0  entry2.o(.ARM.Collect$$$$00000001)
    _main_scatterload                        0x0800018d   Thumb Code     0  entry5.o(.ARM.Collect$$$$00000004)
    __main_after_scatterload                 0x08000191   Thumb Code     0  entry5.o(.ARM.Collect$$$$00000004)
    _main_clock                              0x08000191   Thumb Code     0  entry7b.o(.ARM.Collect$$$$00000008)
    _main_cpp_init                           0x08000191   Thumb Code     0  entry8b.o(.ARM.Collect$$$$0000000A)
    _main_init                               0x08000191   Thumb Code     0  entry9a.o(.ARM.Collect$$$$0000000B)
    __rt_final_cpp                           0x08000199   Thumb Code     0  entry10a.o(.ARM.Collect$$$$0000000D)
    __rt_final_exit                          0x08000199   Thumb Code     0  entry11a.o(.ARM.Collect$$$$0000000F)
    Reset_Handler                            0x0800019d   Thumb Code     8  startup_stm32f407xx.o(.text)
    ADC_IRQHandler                           0x080001b7   Thumb Code     0  startup_stm32f407xx.o(.text)
    CAN1_RX0_IRQHandler                      0x080001b7   Thumb Code     0  startup_stm32f407xx.o(.text)
    CAN1_RX1_IRQHandler                      0x080001b7   Thumb Code     0  startup_stm32f407xx.o(.text)
    CAN1_SCE_IRQHandler                      0x080001b7   Thumb Code     0  startup_stm32f407xx.o(.text)
    CAN1_TX_IRQHandler                       0x080001b7   Thumb Code     0  startup_stm32f407xx.o(.text)
    CAN2_RX0_IRQHandler                      0x080001b7   Thumb Code     0  startup_stm32f407xx.o(.text)
    CAN2_RX1_IRQHandler                      0x080001b7   Thumb Code     0  startup_stm32f407xx.o(.text)
    CAN2_SCE_IRQHandler                      0x080001b7   Thumb Code     0  startup_stm32f407xx.o(.text)
    CAN2_TX_IRQHandler                       0x080001b7   Thumb Code     0  startup_stm32f407xx.o(.text)
    DCMI_IRQHandler                          0x080001b7   Thumb Code     0  startup_stm32f407xx.o(.text)
    DMA1_Stream0_IRQHandler                  0x080001b7   Thumb Code     0  startup_stm32f407xx.o(.text)
    DMA1_Stream1_IRQHandler                  0x080001b7   Thumb Code     0  startup_stm32f407xx.o(.text)
    DMA1_Stream2_IRQHandler                  0x080001b7   Thumb Code     0  startup_stm32f407xx.o(.text)
    DMA1_Stream3_IRQHandler                  0x080001b7   Thumb Code     0  startup_stm32f407xx.o(.text)
    DMA1_Stream4_IRQHandler                  0x080001b7   Thumb Code     0  startup_stm32f407xx.o(.text)
    DMA1_Stream5_IRQHandler                  0x080001b7   Thumb Code     0  startup_stm32f407xx.o(.text)
    DMA1_Stream6_IRQHandler                  0x080001b7   Thumb Code     0  startup_stm32f407xx.o(.text)
    DMA1_Stream7_IRQHandler                  0x080001b7   Thumb Code     0  startup_stm32f407xx.o(.text)
    DMA2_Stream0_IRQHandler                  0x080001b7   Thumb Code     0  startup_stm32f407xx.o(.text)
    DMA2_Stream1_IRQHandler                  0x080001b7   Thumb Code     0  startup_stm32f407xx.o(.text)
    DMA2_Stream2_IRQHandler                  0x080001b7   Thumb Code     0  startup_stm32f407xx.o(.text)
    DMA2_Stream3_IRQHandler                  0x080001b7   Thumb Code     0  startup_stm32f407xx.o(.text)
    DMA2_Stream4_IRQHandler                  0x080001b7   Thumb Code     0  startup_stm32f407xx.o(.text)
    DMA2_Stream5_IRQHandler                  0x080001b7   Thumb Code     0  startup_stm32f407xx.o(.text)
    DMA2_Stream6_IRQHandler                  0x080001b7   Thumb Code     0  startup_stm32f407xx.o(.text)
    DMA2_Stream7_IRQHandler                  0x080001b7   Thumb Code     0  startup_stm32f407xx.o(.text)
    ETH_IRQHandler                           0x080001b7   Thumb Code     0  startup_stm32f407xx.o(.text)
    ETH_WKUP_IRQHandler                      0x080001b7   Thumb Code     0  startup_stm32f407xx.o(.text)
    EXTI0_IRQHandler                         0x080001b7   Thumb Code     0  startup_stm32f407xx.o(.text)
    EXTI15_10_IRQHandler                     0x080001b7   Thumb Code     0  startup_stm32f407xx.o(.text)
    EXTI1_IRQHandler                         0x080001b7   Thumb Code     0  startup_stm32f407xx.o(.text)
    EXTI2_IRQHandler                         0x080001b7   Thumb Code     0  startup_stm32f407xx.o(.text)
    EXTI3_IRQHandler                         0x080001b7   Thumb Code     0  startup_stm32f407xx.o(.text)
    EXTI4_IRQHandler                         0x080001b7   Thumb Code     0  startup_stm32f407xx.o(.text)
    EXTI9_5_IRQHandler                       0x080001b7   Thumb Code     0  startup_stm32f407xx.o(.text)
    FLASH_IRQHandler                         0x080001b7   Thumb Code     0  startup_stm32f407xx.o(.text)
    FMC_IRQHandler                           0x080001b7   Thumb Code     0  startup_stm32f407xx.o(.text)
    FPU_IRQHandler                           0x080001b7   Thumb Code     0  startup_stm32f407xx.o(.text)
    HASH_RNG_IRQHandler                      0x080001b7   Thumb Code     0  startup_stm32f407xx.o(.text)
    I2C1_ER_IRQHandler                       0x080001b7   Thumb Code     0  startup_stm32f407xx.o(.text)
    I2C1_EV_IRQHandler                       0x080001b7   Thumb Code     0  startup_stm32f407xx.o(.text)
    I2C2_ER_IRQHandler                       0x080001b7   Thumb Code     0  startup_stm32f407xx.o(.text)
    I2C2_EV_IRQHandler                       0x080001b7   Thumb Code     0  startup_stm32f407xx.o(.text)
    I2C3_ER_IRQHandler                       0x080001b7   Thumb Code     0  startup_stm32f407xx.o(.text)
    I2C3_EV_IRQHandler                       0x080001b7   Thumb Code     0  startup_stm32f407xx.o(.text)
    OTG_FS_IRQHandler                        0x080001b7   Thumb Code     0  startup_stm32f407xx.o(.text)
    OTG_FS_WKUP_IRQHandler                   0x080001b7   Thumb Code     0  startup_stm32f407xx.o(.text)
    OTG_HS_EP1_IN_IRQHandler                 0x080001b7   Thumb Code     0  startup_stm32f407xx.o(.text)
    OTG_HS_EP1_OUT_IRQHandler                0x080001b7   Thumb Code     0  startup_stm32f407xx.o(.text)
    OTG_HS_IRQHandler                        0x080001b7   Thumb Code     0  startup_stm32f407xx.o(.text)
    OTG_HS_WKUP_IRQHandler                   0x080001b7   Thumb Code     0  startup_stm32f407xx.o(.text)
    PVD_IRQHandler                           0x080001b7   Thumb Code     0  startup_stm32f407xx.o(.text)
    RCC_IRQHandler                           0x080001b7   Thumb Code     0  startup_stm32f407xx.o(.text)
    RTC_Alarm_IRQHandler                     0x080001b7   Thumb Code     0  startup_stm32f407xx.o(.text)
    RTC_WKUP_IRQHandler                      0x080001b7   Thumb Code     0  startup_stm32f407xx.o(.text)
    SDIO_IRQHandler                          0x080001b7   Thumb Code     0  startup_stm32f407xx.o(.text)
    SPI1_IRQHandler                          0x080001b7   Thumb Code     0  startup_stm32f407xx.o(.text)
    SPI2_IRQHandler                          0x080001b7   Thumb Code     0  startup_stm32f407xx.o(.text)
    SPI3_IRQHandler                          0x080001b7   Thumb Code     0  startup_stm32f407xx.o(.text)
    TAMP_STAMP_IRQHandler                    0x080001b7   Thumb Code     0  startup_stm32f407xx.o(.text)
    TIM1_BRK_TIM9_IRQHandler                 0x080001b7   Thumb Code     0  startup_stm32f407xx.o(.text)
    TIM1_CC_IRQHandler                       0x080001b7   Thumb Code     0  startup_stm32f407xx.o(.text)
    TIM1_TRG_COM_TIM11_IRQHandler            0x080001b7   Thumb Code     0  startup_stm32f407xx.o(.text)
    TIM1_UP_TIM10_IRQHandler                 0x080001b7   Thumb Code     0  startup_stm32f407xx.o(.text)
    TIM2_IRQHandler                          0x080001b7   Thumb Code     0  startup_stm32f407xx.o(.text)
    TIM3_IRQHandler                          0x080001b7   Thumb Code     0  startup_stm32f407xx.o(.text)
    TIM4_IRQHandler                          0x080001b7   Thumb Code     0  startup_stm32f407xx.o(.text)
    TIM6_DAC_IRQHandler                      0x080001b7   Thumb Code     0  startup_stm32f407xx.o(.text)
    TIM7_IRQHandler                          0x080001b7   Thumb Code     0  startup_stm32f407xx.o(.text)
    TIM8_BRK_TIM12_IRQHandler                0x080001b7   Thumb Code     0  startup_stm32f407xx.o(.text)
    TIM8_CC_IRQHandler                       0x080001b7   Thumb Code     0  startup_stm32f407xx.o(.text)
    TIM8_TRG_COM_TIM14_IRQHandler            0x080001b7   Thumb Code     0  startup_stm32f407xx.o(.text)
    TIM8_UP_TIM13_IRQHandler                 0x080001b7   Thumb Code     0  startup_stm32f407xx.o(.text)
    UART5_IRQHandler                         0x080001b7   Thumb Code     0  startup_stm32f407xx.o(.text)
    USART6_IRQHandler                        0x080001b7   Thumb Code     0  startup_stm32f407xx.o(.text)
    WWDG_IRQHandler                          0x080001b7   Thumb Code     0  startup_stm32f407xx.o(.text)
    __aeabi_uldivmod                         0x080001c1   Thumb Code    98  uldiv.o(.text)
    __aeabi_memcpy                           0x08000223   Thumb Code    36  memcpya.o(.text)
    __aeabi_memcpy4                          0x08000223   Thumb Code     0  memcpya.o(.text)
    __aeabi_memcpy8                          0x08000223   Thumb Code     0  memcpya.o(.text)
    __aeabi_memset                           0x08000247   Thumb Code    14  memseta.o(.text)
    __aeabi_memset4                          0x08000247   Thumb Code     0  memseta.o(.text)
    __aeabi_memset8                          0x08000247   Thumb Code     0  memseta.o(.text)
    __aeabi_memclr                           0x08000255   Thumb Code     4  memseta.o(.text)
    __aeabi_memclr4                          0x08000255   Thumb Code     0  memseta.o(.text)
    __aeabi_memclr8                          0x08000255   Thumb Code     0  memseta.o(.text)
    _memset$wrapper                          0x08000259   Thumb Code    18  memseta.o(.text)
    strstr                                   0x0800026b   Thumb Code    36  strstr.o(.text)
    atoi                                     0x0800028f   Thumb Code    26  atoi.o(.text)
    __aeabi_dadd                             0x080002a9   Thumb Code   322  dadd.o(.text)
    __aeabi_dsub                             0x080003eb   Thumb Code     6  dadd.o(.text)
    __aeabi_drsub                            0x080003f1   Thumb Code     6  dadd.o(.text)
    __aeabi_dmul                             0x080003f7   Thumb Code   228  dmul.o(.text)
    __aeabi_dcmple                           0x080004db   Thumb Code    54  dcmple.o(.text)
    __aeabi_dcmplt                           0x08000511   Thumb Code    54  dcmplt.o(.text)
    __aeabi_dcmpgt                           0x08000547   Thumb Code    54  dcmpgt.o(.text)
    __aeabi_i2d                              0x0800057d   Thumb Code    34  dflti.o(.text)
    __aeabi_d2iz                             0x0800059f   Thumb Code    62  dfixi.o(.text)
    __aeabi_f2d                              0x080005dd   Thumb Code    38  f2d.o(.text)
    __aeabi_d2f                              0x08000603   Thumb Code    56  d2f.o(.text)
    __aeabi_uidiv                            0x0800063b   Thumb Code     0  uidiv.o(.text)
    __aeabi_uidivmod                         0x0800063b   Thumb Code    44  uidiv.o(.text)
    __aeabi_llsl                             0x08000667   Thumb Code    30  llshl.o(.text)
    _ll_shift_l                              0x08000667   Thumb Code     0  llshl.o(.text)
    __aeabi_llsr                             0x08000685   Thumb Code    32  llushr.o(.text)
    _ll_ushift_r                             0x08000685   Thumb Code     0  llushr.o(.text)
    __aeabi_lasr                             0x080006a5   Thumb Code    36  llsshr.o(.text)
    _ll_sshift_r                             0x080006a5   Thumb Code     0  llsshr.o(.text)
    strtol                                   0x080006c9   Thumb Code   112  strtol.o(.text)
    __I$use$fp                               0x08000739   Thumb Code     0  iusefp.o(.text)
    _float_round                             0x08000739   Thumb Code    18  fepilogue.o(.text)
    _float_epilogue                          0x0800074b   Thumb Code    92  fepilogue.o(.text)
    _double_round                            0x080007a7   Thumb Code    30  depilogue.o(.text)
    _double_epilogue                         0x080007c5   Thumb Code   156  depilogue.o(.text)
    __aeabi_ddiv                             0x08000861   Thumb Code   222  ddiv.o(.text)
    _drnd                                    0x08000941   Thumb Code   132  drnd.o(.text)
    __aeabi_d2ulz                            0x080009c9   Thumb Code    48  dfixul.o(.text)
    __aeabi_cdcmpeq                          0x080009f9   Thumb Code     0  cdcmple.o(.text)
    __aeabi_cdcmple                          0x080009f9   Thumb Code    48  cdcmple.o(.text)
    __aeabi_cdrcmple                         0x08000a29   Thumb Code    48  cdrcmple.o(.text)
    __scatterload                            0x08000a59   Thumb Code    28  init.o(.text)
    __scatterload_rt2                        0x08000a59   Thumb Code     0  init.o(.text)
    __rt_ctype_table                         0x08000a7d   Thumb Code     4  ctype_o.o(.text)
    _strtoul                                 0x08000a85   Thumb Code   158  _strtoul.o(.text)
    _chval                                   0x08000b23   Thumb Code    28  _chval.o(.text)
    Beep                                     0x08000b41   Thumb Code    70  gpio.o(.text.Beep)
    BusFault_Handler                         0x08000b89   Thumb Code     2  stm32f4xx_it.o(.text.BusFault_Handler)
    Camera_Get                               0x08000b8d   Thumb Code   200  uart_handler.o(.text.Camera_Get)
    Camera_Learn                             0x08000c55   Thumb Code   104  uart_handler.o(.text.Camera_Learn)
    Camera_entering                          0x08000cbd   Thumb Code   104  uart_handler.o(.text.Camera_entering)
    Camera_normal                            0x08000d25   Thumb Code   104  uart_handler.o(.text.Camera_normal)
    Control_Loop_A                           0x08000d8d   Thumb Code   228  control.o(.text.Control_Loop_A)
    Control_Loop_B                           0x08000e71   Thumb Code    88  control.o(.text.Control_Loop_B)
    Control_Loop_C                           0x08000ec9   Thumb Code   160  control.o(.text.Control_Loop_C)
    Control_Loop_D                           0x08000f69   Thumb Code   176  control.o(.text.Control_Loop_D)
    DebugMon_Handler                         0x08001019   Thumb Code     2  stm32f4xx_it.o(.text.DebugMon_Handler)
    Error_Handler                            0x0800101d   Thumb Code     2  main.o(.text.Error_Handler)
    Get_Value                                0x08001021   Thumb Code   140  uart_handler.o(.text.Get_Value)
    HAL_DMA_Abort_IT                         0x080010ad   Thumb Code    36  stm32f4xx_hal_dma.o(.text.HAL_DMA_Abort_IT)
    HAL_Delay                                0x080010d1   Thumb Code    40  stm32f4xx_hal.o(.text.HAL_Delay)
    HAL_GPIO_Init                            0x080010f9   Thumb Code   404  stm32f4xx_hal_gpio.o(.text.HAL_GPIO_Init)
    HAL_GPIO_WritePin                        0x0800128d   Thumb Code    10  stm32f4xx_hal_gpio.o(.text.HAL_GPIO_WritePin)
    HAL_GetTick                              0x08001299   Thumb Code    12  stm32f4xx_hal.o(.text.HAL_GetTick)
    HAL_I2C_Init                             0x080012a5   Thumb Code   398  stm32f4xx_hal_i2c.o(.text.HAL_I2C_Init)
    HAL_I2C_Mem_Read                         0x08001435   Thumb Code   522  stm32f4xx_hal_i2c.o(.text.HAL_I2C_Mem_Read)
    HAL_I2C_Mem_Write                        0x08001641   Thumb Code   298  stm32f4xx_hal_i2c.o(.text.HAL_I2C_Mem_Write)
    HAL_I2C_MspInit                          0x0800176d   Thumb Code   118  i2c.o(.text.HAL_I2C_MspInit)
    HAL_IncTick                              0x080017e5   Thumb Code    26  stm32f4xx_hal.o(.text.HAL_IncTick)
    HAL_Init                                 0x08001801   Thumb Code    54  stm32f4xx_hal.o(.text.HAL_Init)
    HAL_InitTick                             0x08001839   Thumb Code    80  stm32f4xx_hal.o(.text.HAL_InitTick)
    HAL_MspInit                              0x08001889   Thumb Code    64  stm32f4xx_hal_msp.o(.text.HAL_MspInit)
    HAL_NVIC_EnableIRQ                       0x080018c9   Thumb Code     8  stm32f4xx_hal_cortex.o(.text.HAL_NVIC_EnableIRQ)
    HAL_NVIC_SetPriority                     0x080018d1   Thumb Code    30  stm32f4xx_hal_cortex.o(.text.HAL_NVIC_SetPriority)
    HAL_NVIC_SetPriorityGrouping             0x080018f1   Thumb Code     8  stm32f4xx_hal_cortex.o(.text.HAL_NVIC_SetPriorityGrouping)
    HAL_RCC_ClockConfig                      0x080018f9   Thumb Code   352  stm32f4xx_hal_rcc.o(.text.HAL_RCC_ClockConfig)
    HAL_RCC_GetHCLKFreq                      0x08001a59   Thumb Code    12  stm32f4xx_hal_rcc.o(.text.HAL_RCC_GetHCLKFreq)
    HAL_RCC_GetPCLK1Freq                     0x08001a65   Thumb Code    34  stm32f4xx_hal_rcc.o(.text.HAL_RCC_GetPCLK1Freq)
    HAL_RCC_GetPCLK2Freq                     0x08001a89   Thumb Code    34  stm32f4xx_hal_rcc.o(.text.HAL_RCC_GetPCLK2Freq)
    HAL_RCC_GetSysClockFreq                  0x08001aad   Thumb Code   106  stm32f4xx_hal_rcc.o(.text.HAL_RCC_GetSysClockFreq)
    HAL_RCC_OscConfig                        0x08001b19   Thumb Code   820  stm32f4xx_hal_rcc.o(.text.HAL_RCC_OscConfig)
    HAL_SYSTICK_Config                       0x08001e4d   Thumb Code     8  stm32f4xx_hal_cortex.o(.text.HAL_SYSTICK_Config)
    HAL_TIMEx_BreakCallback                  0x08001e55   Thumb Code     2  stm32f4xx_hal_tim_ex.o(.text.HAL_TIMEx_BreakCallback)
    HAL_TIMEx_CommutCallback                 0x08001e59   Thumb Code     2  stm32f4xx_hal_tim_ex.o(.text.HAL_TIMEx_CommutCallback)
    HAL_TIMEx_ConfigBreakDeadTime            0x08001e5d   Thumb Code    76  stm32f4xx_hal_tim_ex.o(.text.HAL_TIMEx_ConfigBreakDeadTime)
    HAL_TIMEx_MasterConfigSynchronization    0x08001ea9   Thumb Code   184  stm32f4xx_hal_tim_ex.o(.text.HAL_TIMEx_MasterConfigSynchronization)
    HAL_TIM_Base_Init                        0x08001f61   Thumb Code    54  stm32f4xx_hal_tim.o(.text.HAL_TIM_Base_Init)
    HAL_TIM_Base_MspInit                     0x08001f99   Thumb Code   152  tim.o(.text.HAL_TIM_Base_MspInit)
    HAL_TIM_Base_Start_IT                    0x08002031   Thumb Code    32  stm32f4xx_hal_tim.o(.text.HAL_TIM_Base_Start_IT)
    HAL_TIM_ConfigClockSource                0x08002051   Thumb Code   208  stm32f4xx_hal_tim.o(.text.HAL_TIM_ConfigClockSource)
    HAL_TIM_IC_CaptureCallback               0x08002121   Thumb Code     2  stm32f4xx_hal_tim.o(.text.HAL_TIM_IC_CaptureCallback)
    HAL_TIM_IRQHandler                       0x08002125   Thumb Code   362  stm32f4xx_hal_tim.o(.text.HAL_TIM_IRQHandler)
    HAL_TIM_MspPostInit                      0x08002291   Thumb Code   198  tim.o(.text.HAL_TIM_MspPostInit)
    HAL_TIM_OC_DelayElapsedCallback          0x08002359   Thumb Code     2  stm32f4xx_hal_tim.o(.text.HAL_TIM_OC_DelayElapsedCallback)
    HAL_TIM_PWM_ConfigChannel                0x0800235d   Thumb Code   160  stm32f4xx_hal_tim.o(.text.HAL_TIM_PWM_ConfigChannel)
    HAL_TIM_PWM_Init                         0x080023fd   Thumb Code    54  stm32f4xx_hal_tim.o(.text.HAL_TIM_PWM_Init)
    HAL_TIM_PWM_MspInit                      0x08002435   Thumb Code     2  stm32f4xx_hal_tim.o(.text.HAL_TIM_PWM_MspInit)
    HAL_TIM_PWM_PulseFinishedCallback        0x08002439   Thumb Code     2  stm32f4xx_hal_tim.o(.text.HAL_TIM_PWM_PulseFinishedCallback)
    HAL_TIM_PeriodElapsedCallback            0x0800243d   Thumb Code     2  main.o(.text.HAL_TIM_PeriodElapsedCallback)
    HAL_TIM_TriggerCallback                  0x08002441   Thumb Code     2  stm32f4xx_hal_tim.o(.text.HAL_TIM_TriggerCallback)
    HAL_UART_ErrorCallback                   0x08002445   Thumb Code     2  stm32f4xx_hal_uart.o(.text.HAL_UART_ErrorCallback)
    HAL_UART_IRQHandler                      0x08002449   Thumb Code   276  stm32f4xx_hal_uart.o(.text.HAL_UART_IRQHandler)
    HAL_UART_Init                            0x0800255d   Thumb Code    94  stm32f4xx_hal_uart.o(.text.HAL_UART_Init)
    HAL_UART_MspInit                         0x080025bd   Thumb Code   394  usart.o(.text.HAL_UART_MspInit)
    HAL_UART_Receive_IT                      0x08002749   Thumb Code    84  stm32f4xx_hal_uart.o(.text.HAL_UART_Receive_IT)
    HAL_UART_RxCpltCallback                  0x0800279d   Thumb Code   246  main.o(.text.HAL_UART_RxCpltCallback)
    HAL_UART_Transmit                        0x08002895   Thumb Code   194  stm32f4xx_hal_uart.o(.text.HAL_UART_Transmit)
    HAL_UART_TxCpltCallback                  0x08002959   Thumb Code     2  stm32f4xx_hal_uart.o(.text.HAL_UART_TxCpltCallback)
    HardFault_Handler                        0x0800295d   Thumb Code     2  stm32f4xx_it.o(.text.HardFault_Handler)
    Laser_off                                0x08002d89   Thumb Code    20  gpio.o(.text.Laser_off)
    Laser_on                                 0x08002d9d   Thumb Code    20  gpio.o(.text.Laser_on)
    MLX90614_Init                            0x08002db1   Thumb Code    16  mlx90614.o(.text.MLX90614_Init)
    MLX90614_KelvinToCelsius                 0x08002dc1   Thumb Code    72  mlx90614.o(.text.MLX90614_KelvinToCelsius)
    MLX90614_Read16                          0x08002e09   Thumb Code    60  mlx90614.o(.text.MLX90614_Read16)
    MLX90614_Read16Eeprom                    0x08002e45   Thumb Code    62  mlx90614.o(.text.MLX90614_Read16Eeprom)
    MLX90614_ReadObjectTemperature           0x08002e85   Thumb Code    42  mlx90614.o(.text.MLX90614_ReadObjectTemperature)
    MLX90614_SetEmissivity                   0x08002eb1   Thumb Code   224  mlx90614.o(.text.MLX90614_SetEmissivity)
    MLX90614_Write16Crc                      0x08002f91   Thumb Code   100  mlx90614.o(.text.MLX90614_Write16Crc)
    MLX90614_Write16Eeprom                   0x08002ff5   Thumb Code    68  mlx90614.o(.text.MLX90614_Write16Eeprom)
    MX_GPIO_Init                             0x08003039   Thumb Code   218  gpio.o(.text.MX_GPIO_Init)
    MX_I2C2_Init                             0x08003115   Thumb Code    62  i2c.o(.text.MX_I2C2_Init)
    MX_TIM1_Init                             0x08003155   Thumb Code   346  tim.o(.text.MX_TIM1_Init)
    MX_TIM2_Init                             0x080032b1   Thumb Code   228  tim.o(.text.MX_TIM2_Init)
    MX_TIM5_Init                             0x08003395   Thumb Code   128  tim.o(.text.MX_TIM5_Init)
    MX_UART4_Init                            0x08003415   Thumb Code    56  usart.o(.text.MX_UART4_Init)
    MX_USART1_UART_Init                      0x0800344d   Thumb Code    56  usart.o(.text.MX_USART1_UART_Init)
    MX_USART2_UART_Init                      0x08003485   Thumb Code    56  usart.o(.text.MX_USART2_UART_Init)
    MX_USART3_UART_Init                      0x080034bd   Thumb Code    56  usart.o(.text.MX_USART3_UART_Init)
    MemManage_Handler                        0x080034f5   Thumb Code     2  stm32f4xx_it.o(.text.MemManage_Handler)
    NMI_Handler                              0x080034f9   Thumb Code     2  stm32f4xx_it.o(.text.NMI_Handler)
    PendSV_Handler                           0x08003529   Thumb Code     2  stm32f4xx_it.o(.text.PendSV_Handler)
    SVC_Handler                              0x0800352d   Thumb Code     2  stm32f4xx_it.o(.text.SVC_Handler)
    Screen_get                               0x08003531   Thumb Code   260  uart_handler.o(.text.Screen_get)
    Screnn_trans_char                        0x08003635   Thumb Code   376  uart_handler.o(.text.Screnn_trans_char)
    Screnn_trans_float                       0x080037ad   Thumb Code   404  uart_handler.o(.text.Screnn_trans_float)
    Screnn_trans_int                         0x08003941   Thumb Code   376  uart_handler.o(.text.Screnn_trans_int)
    SysTick_Handler                          0x08003ae9   Thumb Code     8  stm32f4xx_it.o(.text.SysTick_Handler)
    SystemClock_Config                       0x08003af1   Thumb Code   154  main.o(.text.SystemClock_Config)
    SystemInit                               0x08003b8d   Thumb Code    26  system_stm32f4xx.o(.text.SystemInit)
    TIM5_IRQHandler                          0x08003ba9   Thumb Code    16  stm32f4xx_it.o(.text.TIM5_IRQHandler)
    TIM_Base_SetConfig                       0x08003bb9   Thumb Code   292  stm32f4xx_hal_tim.o(.text.TIM_Base_SetConfig)
    TIM_ETR_SetConfig                        0x08003cdd   Thumb Code    22  stm32f4xx_hal_tim.o(.text.TIM_ETR_SetConfig)
    TIM_OC2_SetConfig                        0x08003d69   Thumb Code   106  stm32f4xx_hal_tim.o(.text.TIM_OC2_SetConfig)
    UART4_IRQHandler                         0x08003ed9   Thumb Code    16  stm32f4xx_it.o(.text.UART4_IRQHandler)
    USART1_IRQHandler                        0x080041d1   Thumb Code    16  stm32f4xx_it.o(.text.USART1_IRQHandler)
    USART2_IRQHandler                        0x080041e1   Thumb Code    16  stm32f4xx_it.o(.text.USART2_IRQHandler)
    USART3_IRQHandler                        0x080041f1   Thumb Code    16  stm32f4xx_it.o(.text.USART3_IRQHandler)
    UsageFault_Handler                       0x08004201   Thumb Code     2  stm32f4xx_it.o(.text.UsageFault_Handler)
    crc8                                     0x08004279   Thumb Code    40  mlx90614.o(.text.crc8)
    human_temp                               0x080042a1   Thumb Code   264  control.o(.text.human_temp)
    main                                     0x080043a9   Thumb Code   224  main.o(.text.main)
    uartx_printf                             0x08004489   Thumb Code   114  usart.o(.text.uartx_printf)
    __0vsnprintf                             0x080044fd   Thumb Code    46  printfa.o(i.__0vsnprintf)
    __1vsnprintf                             0x080044fd   Thumb Code     0  printfa.o(i.__0vsnprintf)
    __2vsnprintf                             0x080044fd   Thumb Code     0  printfa.o(i.__0vsnprintf)
    __c89vsnprintf                           0x080044fd   Thumb Code     0  printfa.o(i.__0vsnprintf)
    vsnprintf                                0x080044fd   Thumb Code     0  printfa.o(i.__0vsnprintf)
    __aeabi_errno_addr                       0x08004531   Thumb Code     4  errno.o(i.__aeabi_errno_addr)
    __rt_errno_addr                          0x08004531   Thumb Code     0  errno.o(i.__aeabi_errno_addr)
    __hardfp_round                           0x08004539   Thumb Code   194  round.o(i.__hardfp_round)
    __scatterload_copy                       0x08004619   Thumb Code    14  handlers.o(i.__scatterload_copy)
    __scatterload_null                       0x08004627   Thumb Code     2  handlers.o(i.__scatterload_null)
    __scatterload_zeroinit                   0x08004629   Thumb Code    14  handlers.o(i.__scatterload_zeroinit)
    __ctype_table                            0x08004f00   Data         129  ctype_o.o(.constdata)
    AHBPrescTable                            0x08004f88   Data          16  system_stm32f4xx.o(.rodata.AHBPrescTable)
    APBPrescTable                            0x08004f98   Data           8  system_stm32f4xx.o(.rodata.APBPrescTable)
    Region$$Table$$Base                      0x08004fa4   Number         0  anon$$obj.o(Region$$Table)
    Region$$Table$$Limit                     0x08004fc4   Number         0  anon$$obj.o(Region$$Table)
    SystemCoreClock                          0x20000004   Data           4  system_stm32f4xx.o(.data.SystemCoreClock)
    ci                                       0x20000008   Data           4  control.o(.data.ci)
    di                                       0x2000000c   Data           4  control.o(.data.di)
    uwTickFreq                               0x20000010   Data           1  stm32f4xx_hal.o(.data.uwTickFreq)
    uwTickPrio                               0x20000014   Data           4  stm32f4xx_hal.o(.data.uwTickPrio)
    BP_in                                    0x20000018   Data           8  main.o(.bss.BP_in)
    BP_out                                   0x20000020   Data           4  main.o(.bss.BP_out)
    Distance                                 0x20000026   Data           2  main.o(.bss.Distance)
    ID                                       0x20000028   Data           4  main.o(.bss.ID)
    Temperature                              0x2000002c   Data           4  main.o(.bss.Temperature)
    Temperature_limit                        0x20000030   Data           1  main.o(.bss.Temperature_limit)
    UART1RxBuffer                            0x20000031   Data           1  main.o(.bss.UART1RxBuffer)
    UART2RxBuffer                            0x20000032   Data           1  main.o(.bss.UART2RxBuffer)
    UART3RxBuffer                            0x20000033   Data           1  main.o(.bss.UART3RxBuffer)
    UART4RxBuffer                            0x20000034   Data           1  main.o(.bss.UART4RxBuffer)
    Uart_get                                 0x20000035   Data          20  main.o(.bss.Uart_get)
    face_flag                                0x20000049   Data           5  main.o(.bss.face_flag)
    get_id                                   0x2000004e   Data           8  main.o(.bss.get_id)
    get_mode                                 0x20000056   Data           8  main.o(.bss.get_mode)
    get_val                                  0x2000005e   Data           8  main.o(.bss.get_val)
    hi2c2                                    0x20000068   Data          84  i2c.o(.bss.hi2c2)
    htim1                                    0x200000bc   Data          64  tim.o(.bss.htim1)
    htim2                                    0x200000fc   Data          64  tim.o(.bss.htim2)
    htim5                                    0x2000013c   Data          64  tim.o(.bss.htim5)
    huart1                                   0x2000017c   Data          64  usart.o(.bss.huart1)
    huart2                                   0x200001bc   Data          64  usart.o(.bss.huart2)
    huart3                                   0x200001fc   Data          64  usart.o(.bss.huart3)
    huart4                                   0x2000023c   Data          64  usart.o(.bss.huart4)
    learn                                    0x2000027c   Data           4  main.o(.bss.learn)
    mask                                     0x20000280   Data           4  main.o(.bss.mask)
    mask_flag                                0x20000284   Data           5  main.o(.bss.mask_flag)
    mlx90614_i2c                             0x2000028c   Data           4  mlx90614.o(.bss.mlx90614_i2c)
    mode                                     0x20000290   Data           4  main.o(.bss.mode)
    recive_flag                              0x20000294   Data           4  main.o(.bss.recive_flag)
    screen_get                               0x20000298   Data          10  main.o(.bss.screen_get)
    skin_temp                                0x200002a4   Data           4  main.o(.bss.skin_temp)
    ucRxData                                 0x200002a9   Data         100  main.o(.bss.ucRxData)
    ucRxFinish                               0x2000030d   Data           1  main.o(.bss.ucRxFinish)
    ucRxcnt                                  0x2000030e   Data           1  main.o(.bss.ucRxcnt)
    uwTick                                   0x20000310   Data           4  stm32f4xx_hal.o(.bss.uwTick)
    __initial_sp                             0x20002318   Data           0  startup_stm32f407xx.o(STACK)



==============================================================================

Memory Map of the image

  Image Entry point : 0x08000189

  Load Region LR_IROM1 (Base: 0x08000000, Size: 0x00004fe0, Max: 0x00100000, ABSOLUTE)

    Execution Region ER_IROM1 (Exec base: 0x08000000, Load base: 0x08000000, Size: 0x00004fc4, Max: 0x00100000, ABSOLUTE)

    Exec Addr    Load Addr    Size         Type   Attr      Idx    E Section Name        Object

    0x08000000   0x08000000   0x00000188   Data   RO            3    RESET               startup_stm32f407xx.o
    0x08000188   0x08000188   0x00000000   Code   RO         1365  * .ARM.Collect$$$$00000000  mc_w.l(entry.o)
    0x08000188   0x08000188   0x00000004   Code   RO         1426    .ARM.Collect$$$$00000001  mc_w.l(entry2.o)
    0x0800018c   0x0800018c   0x00000004   Code   RO         1429    .ARM.Collect$$$$00000004  mc_w.l(entry5.o)
    0x08000190   0x08000190   0x00000000   Code   RO         1431    .ARM.Collect$$$$00000008  mc_w.l(entry7b.o)
    0x08000190   0x08000190   0x00000000   Code   RO         1433    .ARM.Collect$$$$0000000A  mc_w.l(entry8b.o)
    0x08000190   0x08000190   0x00000008   Code   RO         1434    .ARM.Collect$$$$0000000B  mc_w.l(entry9a.o)
    0x08000198   0x08000198   0x00000000   Code   RO         1436    .ARM.Collect$$$$0000000D  mc_w.l(entry10a.o)
    0x08000198   0x08000198   0x00000000   Code   RO         1438    .ARM.Collect$$$$0000000F  mc_w.l(entry11a.o)
    0x08000198   0x08000198   0x00000004   Code   RO         1427    .ARM.Collect$$$$00002712  mc_w.l(entry2.o)
    0x0800019c   0x0800019c   0x00000024   Code   RO            4    .text               startup_stm32f407xx.o
    0x080001c0   0x080001c0   0x00000062   Code   RO         1368    .text               mc_w.l(uldiv.o)
    0x08000222   0x08000222   0x00000024   Code   RO         1370    .text               mc_w.l(memcpya.o)
    0x08000246   0x08000246   0x00000024   Code   RO         1372    .text               mc_w.l(memseta.o)
    0x0800026a   0x0800026a   0x00000024   Code   RO         1374    .text               mc_w.l(strstr.o)
    0x0800028e   0x0800028e   0x0000001a   Code   RO         1406    .text               mc_w.l(atoi.o)
    0x080002a8   0x080002a8   0x0000014e   Code   RO         1408    .text               mf_w.l(dadd.o)
    0x080003f6   0x080003f6   0x000000e4   Code   RO         1410    .text               mf_w.l(dmul.o)
    0x080004da   0x080004da   0x00000036   Code   RO         1412    .text               mf_w.l(dcmple.o)
    0x08000510   0x08000510   0x00000036   Code   RO         1414    .text               mf_w.l(dcmplt.o)
    0x08000546   0x08000546   0x00000036   Code   RO         1416    .text               mf_w.l(dcmpgt.o)
    0x0800057c   0x0800057c   0x00000022   Code   RO         1418    .text               mf_w.l(dflti.o)
    0x0800059e   0x0800059e   0x0000003e   Code   RO         1420    .text               mf_w.l(dfixi.o)
    0x080005dc   0x080005dc   0x00000026   Code   RO         1422    .text               mf_w.l(f2d.o)
    0x08000602   0x08000602   0x00000038   Code   RO         1424    .text               mf_w.l(d2f.o)
    0x0800063a   0x0800063a   0x0000002c   Code   RO         1445    .text               mc_w.l(uidiv.o)
    0x08000666   0x08000666   0x0000001e   Code   RO         1447    .text               mc_w.l(llshl.o)
    0x08000684   0x08000684   0x00000020   Code   RO         1449    .text               mc_w.l(llushr.o)
    0x080006a4   0x080006a4   0x00000024   Code   RO         1451    .text               mc_w.l(llsshr.o)
    0x080006c8   0x080006c8   0x00000070   Code   RO         1460    .text               mc_w.l(strtol.o)
    0x08000738   0x08000738   0x00000000   Code   RO         1462    .text               mc_w.l(iusefp.o)
    0x08000738   0x08000738   0x0000006e   Code   RO         1463    .text               mf_w.l(fepilogue.o)
    0x080007a6   0x080007a6   0x000000ba   Code   RO         1465    .text               mf_w.l(depilogue.o)
    0x08000860   0x08000860   0x000000de   Code   RO         1467    .text               mf_w.l(ddiv.o)
    0x0800093e   0x0800093e   0x00000002   PAD
    0x08000940   0x08000940   0x00000088   Code   RO         1469    .text               mf_w.l(drnd.o)
    0x080009c8   0x080009c8   0x00000030   Code   RO         1471    .text               mf_w.l(dfixul.o)
    0x080009f8   0x080009f8   0x00000030   Code   RO         1473    .text               mf_w.l(cdcmple.o)
    0x08000a28   0x08000a28   0x00000030   Code   RO         1475    .text               mf_w.l(cdrcmple.o)
    0x08000a58   0x08000a58   0x00000024   Code   RO         1477    .text               mc_w.l(init.o)
    0x08000a7c   0x08000a7c   0x00000008   Code   RO         1480    .text               mc_w.l(ctype_o.o)
    0x08000a84   0x08000a84   0x0000009e   Code   RO         1508    .text               mc_w.l(_strtoul.o)
    0x08000b22   0x08000b22   0x0000001c   Code   RO         1511    .text               mc_w.l(_chval.o)
    0x08000b3e   0x08000b3e   0x00000002   PAD
    0x08000b40   0x08000b40   0x00000046   Code   RO           69    .text.Beep          gpio.o
    0x08000b86   0x08000b86   0x00000002   PAD
    0x08000b88   0x08000b88   0x00000002   Code   RO          148    .text.BusFault_Handler  stm32f4xx_it.o
    0x08000b8a   0x08000b8a   0x00000002   PAD
    0x08000b8c   0x08000b8c   0x000000c8   Code   RO          278    .text.Camera_Get    uart_handler.o
    0x08000c54   0x08000c54   0x00000068   Code   RO          284    .text.Camera_Learn  uart_handler.o
    0x08000cbc   0x08000cbc   0x00000068   Code   RO          282    .text.Camera_entering  uart_handler.o
    0x08000d24   0x08000d24   0x00000068   Code   RO          286    .text.Camera_normal  uart_handler.o
    0x08000d8c   0x08000d8c   0x000000e4   Code   RO          252    .text.Control_Loop_A  control.o
    0x08000e70   0x08000e70   0x00000058   Code   RO          256    .text.Control_Loop_B  control.o
    0x08000ec8   0x08000ec8   0x000000a0   Code   RO          258    .text.Control_Loop_C  control.o
    0x08000f68   0x08000f68   0x000000b0   Code   RO          260    .text.Control_Loop_D  control.o
    0x08001018   0x08001018   0x00000002   Code   RO          154    .text.DebugMon_Handler  stm32f4xx_it.o
    0x0800101a   0x0800101a   0x00000002   PAD
    0x0800101c   0x0800101c   0x00000002   Code   RO           15    .text.Error_Handler  main.o
    0x0800101e   0x0800101e   0x00000002   PAD
    0x08001020   0x08001020   0x0000008c   Code   RO          296    .text.Get_Value     uart_handler.o
    0x080010ac   0x080010ac   0x00000024   Code   RO          675    .text.HAL_DMA_Abort_IT  stm32f4xx_hal_dma.o
    0x080010d0   0x080010d0   0x00000028   Code   RO          851    .text.HAL_Delay     stm32f4xx_hal.o
    0x080010f8   0x080010f8   0x00000194   Code   RO          619    .text.HAL_GPIO_Init  stm32f4xx_hal_gpio.o
    0x0800128c   0x0800128c   0x0000000a   Code   RO          625    .text.HAL_GPIO_WritePin  stm32f4xx_hal_gpio.o
    0x08001296   0x08001296   0x00000002   PAD
    0x08001298   0x08001298   0x0000000c   Code   RO          843    .text.HAL_GetTick   stm32f4xx_hal.o
    0x080012a4   0x080012a4   0x0000018e   Code   RO          308    .text.HAL_I2C_Init  stm32f4xx_hal_i2c.o
    0x08001432   0x08001432   0x00000002   PAD
    0x08001434   0x08001434   0x0000020a   Code   RO          362    .text.HAL_I2C_Mem_Read  stm32f4xx_hal_i2c.o
    0x0800163e   0x0800163e   0x00000002   PAD
    0x08001640   0x08001640   0x0000012a   Code   RO          358    .text.HAL_I2C_Mem_Write  stm32f4xx_hal_i2c.o
    0x0800176a   0x0800176a   0x00000002   PAD
    0x0800176c   0x0800176c   0x00000076   Code   RO           80    .text.HAL_I2C_MspInit  i2c.o
    0x080017e2   0x080017e2   0x00000002   PAD
    0x080017e4   0x080017e4   0x0000001a   Code   RO          841    .text.HAL_IncTick   stm32f4xx_hal.o
    0x080017fe   0x080017fe   0x00000002   PAD
    0x08001800   0x08001800   0x00000036   Code   RO          831    .text.HAL_Init      stm32f4xx_hal.o
    0x08001836   0x08001836   0x00000002   PAD
    0x08001838   0x08001838   0x00000050   Code   RO          833    .text.HAL_InitTick  stm32f4xx_hal.o
    0x08001888   0x08001888   0x00000040   Code   RO          177    .text.HAL_MspInit   stm32f4xx_hal_msp.o
    0x080018c8   0x080018c8   0x00000008   Code   RO          771    .text.HAL_NVIC_EnableIRQ  stm32f4xx_hal_cortex.o
    0x080018d0   0x080018d0   0x0000001e   Code   RO          763    .text.HAL_NVIC_SetPriority  stm32f4xx_hal_cortex.o
    0x080018ee   0x080018ee   0x00000002   PAD
    0x080018f0   0x080018f0   0x00000008   Code   RO          759    .text.HAL_NVIC_SetPriorityGrouping  stm32f4xx_hal_cortex.o
    0x080018f8   0x080018f8   0x00000160   Code   RO          483    .text.HAL_RCC_ClockConfig  stm32f4xx_hal_rcc.o
    0x08001a58   0x08001a58   0x0000000c   Code   RO          493    .text.HAL_RCC_GetHCLKFreq  stm32f4xx_hal_rcc.o
    0x08001a64   0x08001a64   0x00000022   Code   RO          495    .text.HAL_RCC_GetPCLK1Freq  stm32f4xx_hal_rcc.o
    0x08001a86   0x08001a86   0x00000002   PAD
    0x08001a88   0x08001a88   0x00000022   Code   RO          497    .text.HAL_RCC_GetPCLK2Freq  stm32f4xx_hal_rcc.o
    0x08001aaa   0x08001aaa   0x00000002   PAD
    0x08001aac   0x08001aac   0x0000006a   Code   RO          485    .text.HAL_RCC_GetSysClockFreq  stm32f4xx_hal_rcc.o
    0x08001b16   0x08001b16   0x00000002   PAD
    0x08001b18   0x08001b18   0x00000334   Code   RO          481    .text.HAL_RCC_OscConfig  stm32f4xx_hal_rcc.o
    0x08001e4c   0x08001e4c   0x00000008   Code   RO          783    .text.HAL_SYSTICK_Config  stm32f4xx_hal_cortex.o
    0x08001e54   0x08001e54   0x00000002   Code   RO         1232    .text.HAL_TIMEx_BreakCallback  stm32f4xx_hal_tim_ex.o
    0x08001e56   0x08001e56   0x00000002   PAD
    0x08001e58   0x08001e58   0x00000002   Code   RO         1228    .text.HAL_TIMEx_CommutCallback  stm32f4xx_hal_tim_ex.o
    0x08001e5a   0x08001e5a   0x00000002   PAD
    0x08001e5c   0x08001e5c   0x0000004c   Code   RO         1224    .text.HAL_TIMEx_ConfigBreakDeadTime  stm32f4xx_hal_tim_ex.o
    0x08001ea8   0x08001ea8   0x000000b8   Code   RO         1222    .text.HAL_TIMEx_MasterConfigSynchronization  stm32f4xx_hal_tim_ex.o
    0x08001f60   0x08001f60   0x00000036   Code   RO          922    .text.HAL_TIM_Base_Init  stm32f4xx_hal_tim.o
    0x08001f96   0x08001f96   0x00000002   PAD
    0x08001f98   0x08001f98   0x00000098   Code   RO          101    .text.HAL_TIM_Base_MspInit  tim.o
    0x08002030   0x08002030   0x00000020   Code   RO          936    .text.HAL_TIM_Base_Start_IT  stm32f4xx_hal_tim.o
    0x08002050   0x08002050   0x000000d0   Code   RO         1110    .text.HAL_TIM_ConfigClockSource  stm32f4xx_hal_tim.o
    0x08002120   0x08002120   0x00000002   Code   RO         1058    .text.HAL_TIM_IC_CaptureCallback  stm32f4xx_hal_tim.o
    0x08002122   0x08002122   0x00000002   PAD
    0x08002124   0x08002124   0x0000016a   Code   RO         1056    .text.HAL_TIM_IRQHandler  stm32f4xx_hal_tim.o
    0x0800228e   0x0800228e   0x00000002   PAD
    0x08002290   0x08002290   0x000000c6   Code   RO           95    .text.HAL_TIM_MspPostInit  tim.o
    0x08002356   0x08002356   0x00000002   PAD
    0x08002358   0x08002358   0x00000002   Code   RO         1060    .text.HAL_TIM_OC_DelayElapsedCallback  stm32f4xx_hal_tim.o
    0x0800235a   0x0800235a   0x00000002   PAD
    0x0800235c   0x0800235c   0x000000a0   Code   RO         1088    .text.HAL_TIM_PWM_ConfigChannel  stm32f4xx_hal_tim.o
    0x080023fc   0x080023fc   0x00000036   Code   RO          976    .text.HAL_TIM_PWM_Init  stm32f4xx_hal_tim.o
    0x08002432   0x08002432   0x00000002   PAD
    0x08002434   0x08002434   0x00000002   Code   RO          978    .text.HAL_TIM_PWM_MspInit  stm32f4xx_hal_tim.o
    0x08002436   0x08002436   0x00000002   PAD
    0x08002438   0x08002438   0x00000002   Code   RO         1062    .text.HAL_TIM_PWM_PulseFinishedCallback  stm32f4xx_hal_tim.o
    0x0800243a   0x0800243a   0x00000002   PAD
    0x0800243c   0x0800243c   0x00000002   Code   RO           21    .text.HAL_TIM_PeriodElapsedCallback  main.o
    0x0800243e   0x0800243e   0x00000002   PAD
    0x08002440   0x08002440   0x00000002   Code   RO         1066    .text.HAL_TIM_TriggerCallback  stm32f4xx_hal_tim.o
    0x08002442   0x08002442   0x00000002   PAD
    0x08002444   0x08002444   0x00000002   Code   RO         1326    .text.HAL_UART_ErrorCallback  stm32f4xx_hal_uart.o
    0x08002446   0x08002446   0x00000002   PAD
    0x08002448   0x08002448   0x00000114   Code   RO         1320    .text.HAL_UART_IRQHandler  stm32f4xx_hal_uart.o
    0x0800255c   0x0800255c   0x0000005e   Code   RO         1244    .text.HAL_UART_Init  stm32f4xx_hal_uart.o
    0x080025ba   0x080025ba   0x00000002   PAD
    0x080025bc   0x080025bc   0x0000018a   Code   RO          126    .text.HAL_UART_MspInit  usart.o
    0x08002746   0x08002746   0x00000002   PAD
    0x08002748   0x08002748   0x00000054   Code   RO         1268    .text.HAL_UART_Receive_IT  stm32f4xx_hal_uart.o
    0x0800279c   0x0800279c   0x000000f6   Code   RO           17    .text.HAL_UART_RxCpltCallback  main.o
    0x08002892   0x08002892   0x00000002   PAD
    0x08002894   0x08002894   0x000000c2   Code   RO         1260    .text.HAL_UART_Transmit  stm32f4xx_hal_uart.o
    0x08002956   0x08002956   0x00000002   PAD
    0x08002958   0x08002958   0x00000002   Code   RO         1332    .text.HAL_UART_TxCpltCallback  stm32f4xx_hal_uart.o
    0x0800295a   0x0800295a   0x00000002   PAD
    0x0800295c   0x0800295c   0x00000002   Code   RO          144    .text.HardFault_Handler  stm32f4xx_it.o
    0x0800295e   0x0800295e   0x00000002   PAD
    0x08002960   0x08002960   0x00000030   Code   RO          468    .text.I2C_IsAcknowledgeFailed  stm32f4xx_hal_i2c.o
    0x08002990   0x08002990   0x0000010c   Code   RO          364    .text.I2C_RequestMemoryRead  stm32f4xx_hal_i2c.o
    0x08002a9c   0x08002a9c   0x000000c0   Code   RO          360    .text.I2C_RequestMemoryWrite  stm32f4xx_hal_i2c.o
    0x08002b5c   0x08002b5c   0x0000005e   Code   RO          324    .text.I2C_WaitOnBTFFlagUntilTimeout  stm32f4xx_hal_i2c.o
    0x08002bba   0x08002bba   0x00000002   PAD
    0x08002bbc   0x08002bbc   0x0000007e   Code   RO          318    .text.I2C_WaitOnFlagUntilTimeout  stm32f4xx_hal_i2c.o
    0x08002c3a   0x08002c3a   0x00000002   PAD
    0x08002c3c   0x08002c3c   0x0000008c   Code   RO          466    .text.I2C_WaitOnMasterAddressFlagUntilTimeout  stm32f4xx_hal_i2c.o
    0x08002cc8   0x08002cc8   0x0000005e   Code   RO          330    .text.I2C_WaitOnRXNEFlagUntilTimeout  stm32f4xx_hal_i2c.o
    0x08002d26   0x08002d26   0x00000002   PAD
    0x08002d28   0x08002d28   0x0000005e   Code   RO          322    .text.I2C_WaitOnTXEFlagUntilTimeout  stm32f4xx_hal_i2c.o
    0x08002d86   0x08002d86   0x00000002   PAD
    0x08002d88   0x08002d88   0x00000014   Code   RO           67    .text.Laser_off     gpio.o
    0x08002d9c   0x08002d9c   0x00000014   Code   RO           65    .text.Laser_on      gpio.o
    0x08002db0   0x08002db0   0x00000010   Code   RO          241    .text.MLX90614_Init  mlx90614.o
    0x08002dc0   0x08002dc0   0x00000048   Code   RO          225    .text.MLX90614_KelvinToCelsius  mlx90614.o
    0x08002e08   0x08002e08   0x0000003c   Code   RO          215    .text.MLX90614_Read16  mlx90614.o
    0x08002e44   0x08002e44   0x0000003e   Code   RO          217    .text.MLX90614_Read16Eeprom  mlx90614.o
    0x08002e82   0x08002e82   0x00000002   PAD
    0x08002e84   0x08002e84   0x0000002a   Code   RO          229    .text.MLX90614_ReadObjectTemperature  mlx90614.o
    0x08002eae   0x08002eae   0x00000002   PAD
    0x08002eb0   0x08002eb0   0x000000e0   Code   RO          235    .text.MLX90614_SetEmissivity  mlx90614.o
    0x08002f90   0x08002f90   0x00000064   Code   RO          221    .text.MLX90614_Write16Crc  mlx90614.o
    0x08002ff4   0x08002ff4   0x00000044   Code   RO          223    .text.MLX90614_Write16Eeprom  mlx90614.o
    0x08003038   0x08003038   0x000000da   Code   RO           63    .text.MX_GPIO_Init  gpio.o
    0x08003112   0x08003112   0x00000002   PAD
    0x08003114   0x08003114   0x0000003e   Code   RO           78    .text.MX_I2C2_Init  i2c.o
    0x08003152   0x08003152   0x00000002   PAD
    0x08003154   0x08003154   0x0000015a   Code   RO           93    .text.MX_TIM1_Init  tim.o
    0x080032ae   0x080032ae   0x00000002   PAD
    0x080032b0   0x080032b0   0x000000e4   Code   RO           97    .text.MX_TIM2_Init  tim.o
    0x08003394   0x08003394   0x00000080   Code   RO           99    .text.MX_TIM5_Init  tim.o
    0x08003414   0x08003414   0x00000038   Code   RO          118    .text.MX_UART4_Init  usart.o
    0x0800344c   0x0800344c   0x00000038   Code   RO          120    .text.MX_USART1_UART_Init  usart.o
    0x08003484   0x08003484   0x00000038   Code   RO          122    .text.MX_USART2_UART_Init  usart.o
    0x080034bc   0x080034bc   0x00000038   Code   RO          124    .text.MX_USART3_UART_Init  usart.o
    0x080034f4   0x080034f4   0x00000002   Code   RO          146    .text.MemManage_Handler  stm32f4xx_it.o
    0x080034f6   0x080034f6   0x00000002   PAD
    0x080034f8   0x080034f8   0x00000002   Code   RO          142    .text.NMI_Handler   stm32f4xx_it.o
    0x080034fa   0x080034fa   0x00000002   PAD
    0x080034fc   0x080034fc   0x0000002c   Code   RO          769    .text.NVIC_EncodePriority  stm32f4xx_hal_cortex.o
    0x08003528   0x08003528   0x00000002   Code   RO          156    .text.PendSV_Handler  stm32f4xx_it.o
    0x0800352a   0x0800352a   0x00000002   PAD
    0x0800352c   0x0800352c   0x00000002   Code   RO          152    .text.SVC_Handler   stm32f4xx_it.o
    0x0800352e   0x0800352e   0x00000002   PAD
    0x08003530   0x08003530   0x00000104   Code   RO          280    .text.Screen_get    uart_handler.o
    0x08003634   0x08003634   0x00000178   Code   RO          294    .text.Screnn_trans_char  uart_handler.o
    0x080037ac   0x080037ac   0x00000194   Code   RO          290    .text.Screnn_trans_float  uart_handler.o
    0x08003940   0x08003940   0x00000178   Code   RO          292    .text.Screnn_trans_int  uart_handler.o
    0x08003ab8   0x08003ab8   0x0000002e   Code   RO          785    .text.SysTick_Config  stm32f4xx_hal_cortex.o
    0x08003ae6   0x08003ae6   0x00000002   PAD
    0x08003ae8   0x08003ae8   0x00000008   Code   RO          158    .text.SysTick_Handler  stm32f4xx_it.o
    0x08003af0   0x08003af0   0x0000009a   Code   RO           13    .text.SystemClock_Config  main.o
    0x08003b8a   0x08003b8a   0x00000002   PAD
    0x08003b8c   0x08003b8c   0x0000001a   Code   RO          200    .text.SystemInit    system_stm32f4xx.o
    0x08003ba6   0x08003ba6   0x00000002   PAD
    0x08003ba8   0x08003ba8   0x00000010   Code   RO          166    .text.TIM5_IRQHandler  stm32f4xx_it.o
    0x08003bb8   0x08003bb8   0x00000124   Code   RO          926    .text.TIM_Base_SetConfig  stm32f4xx_hal_tim.o
    0x08003cdc   0x08003cdc   0x00000016   Code   RO         1108    .text.TIM_ETR_SetConfig  stm32f4xx_hal_tim.o
    0x08003cf2   0x08003cf2   0x00000002   PAD
    0x08003cf4   0x08003cf4   0x00000010   Code   RO         1114    .text.TIM_ITRx_SetConfig  stm32f4xx_hal_tim.o
    0x08003d04   0x08003d04   0x00000064   Code   RO         1070    .text.TIM_OC1_SetConfig  stm32f4xx_hal_tim.o
    0x08003d68   0x08003d68   0x0000006a   Code   RO         1072    .text.TIM_OC2_SetConfig  stm32f4xx_hal_tim.o
    0x08003dd2   0x08003dd2   0x00000002   PAD
    0x08003dd4   0x08003dd4   0x0000006a   Code   RO         1074    .text.TIM_OC3_SetConfig  stm32f4xx_hal_tim.o
    0x08003e3e   0x08003e3e   0x00000002   PAD
    0x08003e40   0x08003e40   0x00000050   Code   RO         1076    .text.TIM_OC4_SetConfig  stm32f4xx_hal_tim.o
    0x08003e90   0x08003e90   0x00000022   Code   RO         1112    .text.TIM_TI1_ConfigInputStage  stm32f4xx_hal_tim.o
    0x08003eb2   0x08003eb2   0x00000002   PAD
    0x08003eb4   0x08003eb4   0x00000024   Code   RO         1116    .text.TIM_TI2_ConfigInputStage  stm32f4xx_hal_tim.o
    0x08003ed8   0x08003ed8   0x00000010   Code   RO          168    .text.UART4_IRQHandler  stm32f4xx_it.o
    0x08003ee8   0x08003ee8   0x00000010   Code   RO         1324    .text.UART_DMAAbortOnError  stm32f4xx_hal_uart.o
    0x08003ef8   0x08003ef8   0x0000001a   Code   RO         1292    .text.UART_EndRxTransfer  stm32f4xx_hal_uart.o
    0x08003f12   0x08003f12   0x00000002   PAD
    0x08003f14   0x08003f14   0x00000018   Code   RO         1330    .text.UART_EndTransmit_IT  stm32f4xx_hal_uart.o
    0x08003f2c   0x08003f2c   0x0000007c   Code   RO         1322    .text.UART_Receive_IT  stm32f4xx_hal_uart.o
    0x08003fa8   0x08003fa8   0x0000016c   Code   RO         1248    .text.UART_SetConfig  stm32f4xx_hal_uart.o
    0x08004114   0x08004114   0x00000058   Code   RO         1328    .text.UART_Transmit_IT  stm32f4xx_hal_uart.o
    0x0800416c   0x0800416c   0x00000064   Code   RO         1262    .text.UART_WaitOnFlagUntilTimeout  stm32f4xx_hal_uart.o
    0x080041d0   0x080041d0   0x00000010   Code   RO          160    .text.USART1_IRQHandler  stm32f4xx_it.o
    0x080041e0   0x080041e0   0x00000010   Code   RO          162    .text.USART2_IRQHandler  stm32f4xx_it.o
    0x080041f0   0x080041f0   0x00000010   Code   RO          164    .text.USART3_IRQHandler  stm32f4xx_it.o
    0x08004200   0x08004200   0x00000002   Code   RO          150    .text.UsageFault_Handler  stm32f4xx_it.o
    0x08004202   0x08004202   0x00000002   PAD
    0x08004204   0x08004204   0x00000020   Code   RO          773    .text.__NVIC_EnableIRQ  stm32f4xx_hal_cortex.o
    0x08004224   0x08004224   0x00000010   Code   RO          765    .text.__NVIC_GetPriorityGrouping  stm32f4xx_hal_cortex.o
    0x08004234   0x08004234   0x00000022   Code   RO          767    .text.__NVIC_SetPriority  stm32f4xx_hal_cortex.o
    0x08004256   0x08004256   0x00000002   PAD
    0x08004258   0x08004258   0x00000020   Code   RO          761    .text.__NVIC_SetPriorityGrouping  stm32f4xx_hal_cortex.o
    0x08004278   0x08004278   0x00000028   Code   RO          219    .text.crc8          mlx90614.o
    0x080042a0   0x080042a0   0x00000108   Code   RO          254    .text.human_temp    control.o
    0x080043a8   0x080043a8   0x000000e0   Code   RO           11    .text.main          main.o
    0x08004488   0x08004488   0x00000072   Code   RO          116    .text.uartx_printf  usart.o
    0x080044fa   0x080044fa   0x00000002   PAD
    0x080044fc   0x080044fc   0x00000034   Code   RO         1384    i.__0vsnprintf      mc_w.l(printfa.o)
    0x08004530   0x08004530   0x00000008   Code   RO         1453    i.__aeabi_errno_addr  mc_w.l(errno.o)
    0x08004538   0x08004538   0x000000e0   Code   RO         1361    i.__hardfp_round    m_wm.l(round.o)
    0x08004618   0x08004618   0x0000000e   Code   RO         1515    i.__scatterload_copy  mc_w.l(handlers.o)
    0x08004626   0x08004626   0x00000002   Code   RO         1516    i.__scatterload_null  mc_w.l(handlers.o)
    0x08004628   0x08004628   0x0000000e   Code   RO         1517    i.__scatterload_zeroinit  mc_w.l(handlers.o)
    0x08004636   0x08004636   0x00000002   PAD
    0x08004638   0x08004638   0x00000184   Code   RO         1386    i._fp_digits        mc_w.l(printfa.o)
    0x080047bc   0x080047bc   0x000006dc   Code   RO         1387    i._printf_core      mc_w.l(printfa.o)
    0x08004e98   0x08004e98   0x00000024   Code   RO         1388    i._printf_post_padding  mc_w.l(printfa.o)
    0x08004ebc   0x08004ebc   0x0000002e   Code   RO         1389    i._printf_pre_padding  mc_w.l(printfa.o)
    0x08004eea   0x08004eea   0x00000016   Code   RO         1390    i._snputc           mc_w.l(printfa.o)
    0x08004f00   0x08004f00   0x00000081   Data   RO         1481    .constdata          mc_w.l(ctype_o.o)
    0x08004f81   0x08004f81   0x00000003   PAD
    0x08004f84   0x08004f84   0x00000004   Data   RO         1482    .constdata          mc_w.l(ctype_o.o)
    0x08004f88   0x08004f88   0x00000010   Data   RO          205    .rodata.AHBPrescTable  system_stm32f4xx.o
    0x08004f98   0x08004f98   0x00000008   Data   RO          206    .rodata.APBPrescTable  system_stm32f4xx.o
    0x08004fa0   0x08004fa0   0x00000003   Data   RO          299    .rodata.str1.1      uart_handler.o
    0x08004fa3   0x08004fa3   0x00000001   PAD
    0x08004fa4   0x08004fa4   0x00000020   Data   RO         1514    Region$$Table       anon$$obj.o


    Execution Region RW_IRAM1 (Exec base: 0x20000000, Load base: 0x08004fc8, Size: 0x00002318, Max: 0x00020000, ABSOLUTE)

    Exec Addr    Load Addr    Size         Type   Attr      Idx    E Section Name        Object

    0x20000000   0x08004fc8   0x00000004   Data   RW         1456    .data               mc_w.l(errno.o)
    0x20000004   0x08004fcc   0x00000004   Data   RW          204    .data.SystemCoreClock  system_stm32f4xx.o
    0x20000008   0x08004fd0   0x00000004   Data   RW          268    .data.ci            control.o
    0x2000000c   0x08004fd4   0x00000004   Data   RW          269    .data.di            control.o
    0x20000010   0x08004fd8   0x00000001   Data   RW          886    .data.uwTickFreq    stm32f4xx_hal.o
    0x20000011   0x08004fd9   0x00000003   PAD
    0x20000014   0x08004fdc   0x00000004   Data   RW          885    .data.uwTickPrio    stm32f4xx_hal.o
    0x20000018        -       0x00000008   Zero   RW           48    .bss.BP_in          main.o
    0x20000020        -       0x00000004   Zero   RW           49    .bss.BP_out         main.o
    0x20000024        -       0x00000001   Zero   RW          298    .bss.Camera_Get.ucRxCnt  uart_handler.o
    0x20000025   0x08004fe0   0x00000001   PAD
    0x20000026        -       0x00000002   Zero   RW           47    .bss.Distance       main.o
    0x20000028        -       0x00000004   Zero   RW           34    .bss.ID             main.o
    0x2000002c        -       0x00000004   Zero   RW           40    .bss.Temperature    main.o
    0x20000030        -       0x00000001   Zero   RW           42    .bss.Temperature_limit  main.o
    0x20000031        -       0x00000001   Zero   RW           27    .bss.UART1RxBuffer  main.o
    0x20000032        -       0x00000001   Zero   RW           28    .bss.UART2RxBuffer  main.o
    0x20000033        -       0x00000001   Zero   RW           29    .bss.UART3RxBuffer  main.o
    0x20000034        -       0x00000001   Zero   RW           30    .bss.UART4RxBuffer  main.o
    0x20000035        -       0x00000014   Zero   RW           46    .bss.Uart_get       main.o
    0x20000049        -       0x00000005   Zero   RW           44    .bss.face_flag      main.o
    0x2000004e        -       0x00000008   Zero   RW           52    .bss.get_id         main.o
    0x20000056        -       0x00000008   Zero   RW           53    .bss.get_mode       main.o
    0x2000005e        -       0x00000008   Zero   RW           51    .bss.get_val        main.o
    0x20000066   0x08004fe0   0x00000002   PAD
    0x20000068        -       0x00000054   Zero   RW           84    .bss.hi2c2          i2c.o
    0x200000bc        -       0x00000040   Zero   RW          105    .bss.htim1          tim.o
    0x200000fc        -       0x00000040   Zero   RW          106    .bss.htim2          tim.o
    0x2000013c        -       0x00000040   Zero   RW          107    .bss.htim5          tim.o
    0x2000017c        -       0x00000040   Zero   RW          131    .bss.huart1         usart.o
    0x200001bc        -       0x00000040   Zero   RW          132    .bss.huart2         usart.o
    0x200001fc        -       0x00000040   Zero   RW          133    .bss.huart3         usart.o
    0x2000023c        -       0x00000040   Zero   RW          130    .bss.huart4         usart.o
    0x2000027c        -       0x00000004   Zero   RW           39    .bss.learn          main.o
    0x20000280        -       0x00000004   Zero   RW           37    .bss.mask           main.o
    0x20000284        -       0x00000005   Zero   RW           43    .bss.mask_flag      main.o
    0x20000289   0x08004fe0   0x00000003   PAD
    0x2000028c        -       0x00000004   Zero   RW          243    .bss.mlx90614_i2c   mlx90614.o
    0x20000290        -       0x00000004   Zero   RW           31    .bss.mode           main.o
    0x20000294        -       0x00000004   Zero   RW           36    .bss.recive_flag    main.o
    0x20000298        -       0x0000000a   Zero   RW           50    .bss.screen_get     main.o
    0x200002a2   0x08004fe0   0x00000002   PAD
    0x200002a4        -       0x00000004   Zero   RW           45    .bss.skin_temp      main.o
    0x200002a8        -       0x00000001   Zero   RW           33    .bss.ucCnt          main.o
    0x200002a9        -       0x00000064   Zero   RW           32    .bss.ucRxData       main.o
    0x2000030d        -       0x00000001   Zero   RW           24    .bss.ucRxFinish     main.o
    0x2000030e        -       0x00000001   Zero   RW           25    .bss.ucRxcnt        main.o
    0x2000030f   0x08004fe0   0x00000001   PAD
    0x20000310        -       0x00000004   Zero   RW          887    .bss.uwTick         stm32f4xx_hal.o
    0x20000314   0x08004fe0   0x00000004   PAD
    0x20000318        -       0x00002000   Zero   RW            1    STACK               startup_stm32f407xx.o


==============================================================================

Image component sizes


      Code (inc. data)   RO Data    RW Data    ZI Data      Debug   Object Name

       916         88          0          8          0       1754   control.o
       328          0          0          0          0       2530   gpio.o
       180          0          0          0         84       5076   i2c.o
       628          8          0          0        214       7637   main.o
       684         32          0          0          4       7584   mlx90614.o
        36          8        392          0       8192        836   startup_stm32f407xx.o
       212          0          0          5          4       7306   stm32f4xx_hal.o
       258          0          0          0          0      10347   stm32f4xx_hal_cortex.o
        36          0          0          0          0       8942   stm32f4xx_hal_dma.o
       414          0          0          0          0       5102   stm32f4xx_hal_gpio.o
      2274          0          0          0          0      38869   stm32f4xx_hal_i2c.o
        64          0          0          0          0       1465   stm32f4xx_hal_msp.o
      1358          0          0          0          0       7311   stm32f4xx_hal_rcc.o
      1672          4          0          0          0      36205   stm32f4xx_hal_tim.o
       264          0          0          0          0      14312   stm32f4xx_hal_tim_ex.o
      1394          0          0          0          0      17215   stm32f4xx_hal_uart.o
       104          0          0          0          0       1514   stm32f4xx_it.o
        26          0         24          4          0       2642   system_stm32f4xx.o
      1052          0          0          0        192       8630   tim.o
      2068        108          3          0          1       2904   uart_handler.o
       732          0          0          0        256       7826   usart.o

    ----------------------------------------------------------------------
     14816        248        452         20       8960     196007   Object Totals
         0          0         32          0          0          0   (incl. Generated)
       116          0          1          3         13          0   (incl. Padding)

    ----------------------------------------------------------------------

      Code (inc. data)   RO Data    RW Data    ZI Data      Debug   Library Member Name

       224         30          0          0          0        172   round.o
        28          0          0          0          0         68   _chval.o
       158          0          0          0          0         92   _strtoul.o
        26          0          0          0          0         80   atoi.o
         8          4        133          0          0         68   ctype_o.o
         0          0          0          0          0          0   entry.o
         0          0          0          0          0          0   entry10a.o
         0          0          0          0          0          0   entry11a.o
         8          4          0          0          0          0   entry2.o
         4          0          0          0          0          0   entry5.o
         0          0          0          0          0          0   entry7b.o
         0          0          0          0          0          0   entry8b.o
         8          4          0          0          0          0   entry9a.o
         8          4          0          4          0         68   errno.o
        30          0          0          0          0          0   handlers.o
        36          8          0          0          0         68   init.o
         0          0          0          0          0          0   iusefp.o
        30          0          0          0          0         68   llshl.o
        36          0          0          0          0         68   llsshr.o
        32          0          0          0          0         68   llushr.o
        36          0          0          0          0         68   memcpya.o
        36          0          0          0          0        108   memseta.o
      2300         86          0          0          0        516   printfa.o
        36          0          0          0          0         80   strstr.o
       112          0          0          0          0         88   strtol.o
        44          0          0          0          0         80   uidiv.o
        98          0          0          0          0         92   uldiv.o
        48          0          0          0          0         68   cdcmple.o
        48          0          0          0          0         68   cdrcmple.o
        56          0          0          0          0         88   d2f.o
       334          0          0          0          0        148   dadd.o
        54          0          0          0          0         80   dcmpgt.o
        54          0          0          0          0         80   dcmple.o
        54          0          0          0          0         80   dcmplt.o
       222          0          0          0          0        100   ddiv.o
       186          0          0          0          0        176   depilogue.o
        62          0          0          0          0         80   dfixi.o
        48          0          0          0          0         68   dfixul.o
        34          0          0          0          0         76   dflti.o
       228          0          0          0          0         96   dmul.o
       136          4          0          0          0         92   drnd.o
        38          0          0          0          0         68   f2d.o
       110          0          0          0          0        168   fepilogue.o

    ----------------------------------------------------------------------
      5016        144        136          4          0       3388   Library Totals
         6          0          3          0          0          0   (incl. Padding)

    ----------------------------------------------------------------------

      Code (inc. data)   RO Data    RW Data    ZI Data      Debug   Library Name

       224         30          0          0          0        172   m_wm.l
      3074        110        133          4          0       1680   mc_w.l
      1712          4          0          0          0       1536   mf_w.l

    ----------------------------------------------------------------------
      5016        144        136          4          0       3388   Library Totals

    ----------------------------------------------------------------------

==============================================================================


      Code (inc. data)   RO Data    RW Data    ZI Data      Debug   

     19832        392        588         24       8960     197579   Grand Totals
     19832        392        588         24       8960     197579   ELF Image Totals
     19832        392        588         24          0          0   ROM Totals

==============================================================================

    Total RO  Size (Code + RO Data)                20420 (  19.94kB)
    Total RW  Size (RW Data + ZI Data)              8984 (   8.77kB)
    Total ROM Size (Code + RO Data + RW Data)      20444 (  19.96kB)

==============================================================================

